<html>
<body>
<pre>
<h1>µVision Build Log</h1>
<h2>Tool Versions:</h2>
IDE-Version: ¦ÌVision V5.43.1.0
Copyright (C) 2025 ARM Ltd and ARM Germany GmbH. All rights reserved.
License Information: noa Van, ..., LIC=V85FJ-UZHMN-TL5CD-82QQH-8UHXL-X54CL
 
Tool Versions:
Toolchain:       MDK-ARM Professional  Version: 5.43.0.0
Toolchain Path:  C:\Users\Van\AppData\Local\Keil_v5\ARM\v5.06u7\Bin
C Compiler:      Armcc.exe V5.06 update 7 (build 960)
Assembler:       Armasm.exe V5.06 update 7 (build 960)
Linker/Locator:  ArmLink.exe V5.06 update 7 (build 960)
Library Manager: ArmAr.exe V5.06 update 7 (build 960)
Hex Converter:   FromElf.exe V5.06 update 7 (build 960)
CPU DLL:         SARMCM3.DLL V5.43.0.0
Dialog DLL:      DCM.DLL V1.17.5.0
Target DLL:      STLink\ST-LINKIII-KEIL_SWO.dll V3.3.1.0
Dialog DLL:      TCM.DLL V1.56.6.0
 
<h2>Project:</h2>
C:\Users\Van\Desktop\dev_claude_scale\hardware\MDK-ARM\Third.uvprojx
Project File Date:  01/09/2026

<h2>Output:</h2>
*** Using Compiler 'V5.06 update 7 (build 960)', folder: 'C:\Users\Van\AppData\Local\Keil_v5\ARM\v5.06u7\Bin'
Rebuild target 'Third'
assembling startup_stm32f407xx.s...
compiling stm32f4xx_hal_pcd_ex.c...
compiling stm32f4xx_hal_flash_ramfunc.c...
compiling stm32f4xx_hal_flash_ex.c...
compiling stm32f4xx_hal_msp.c...
compiling usbd_conf.c...
compiling usb_device.c...
compiling stm32f4xx_hal_rcc.c...
compiling stm32f4xx_it.c...
compiling stm32f4xx_hal_flash.c...
compiling stm32f4xx_hal_gpio.c...
compiling stm32f4xx_hal_pcd.c...
compiling usbd_desc.c...
compiling stm32f4xx_ll_usb.c...
compiling main.c...
compiling stm32f4xx_hal_rcc_ex.c...
compiling usbd_cdc_if.c...
compiling stm32f4xx_hal_mmc.c...
compiling stm32f4xx_hal_pwr_ex.c...
compiling stm32f4xx_hal_cortex.c...
compiling system_stm32f4xx.c...
compiling stm32f4xx_hal_pwr.c...
compiling stm32f4xx_hal_dma.c...
compiling stm32f4xx_hal_exti.c...
compiling Config.c...
compiling stm32f4xx_hal_dma_ex.c...
compiling stm32f4xx_hal.c...
compiling stm32f4xx_hal_rtc_ex.c...
compiling stm32f4xx_ll_sdmmc.c...
compiling ScaleModelRunner.c...
compiling stm32f4xx_hal_rtc.c...
compiling stm32f4xx_hal_tim_ex.c...
compiling stm32f4xx_hal_sd.c...
compiling stm32f4xx_hal_uart.c...
compiling scale_model_fp32.c...
compiling stm32f4xx_hal_tim.c...
compiling usbd_core.c...
compiling SEND.c...
compiling usbd_ioreq.c...
compiling usbd_cdc.c...
compiling MYRTC.c...
compiling Public.c...
compiling SdManager.c...
compiling usbd_ctlreq.c...
compiling Computer.c...
compiling ProcessData.c...
linking...
Program Size: Code=33224 RO-data=805776 RW-data=560 ZI-data=24088  
FromELF: creating hex file...
"Third\Third.axf" - 0 Error(s), 0 Warning(s).

<h2>Software Packages used:</h2>

Package Vendor: ARM
                https://www.keil.com/pack/ARM.CMSIS.6.2.0.pack
                ARM::CMSIS@6.2.0
                CMSIS (Common Microcontroller Software Interface Standard)
   * Component: CORE Version: 6.1.1

Package Vendor: Keil
                https://www.keil.com/pack/Keil.STM32F4xx_DFP.3.1.1.pack
                Keil::STM32F4xx_DFP@3.1.1
                STMicroelectronics STM32F4 Series Device Support

<h2>Collection of Component include folders:</h2>
  ./RTE/_Third
  C:/Users/Van/AppData/Local/Arm/Packs/ARM/CMSIS/6.2.0/CMSIS/Core/Include

<h2>Collection of Component Files used:</h2>

   * Component: ARM::CMSIS:CORE@6.1.1
      Include file:  CMSIS/Core/Include/tz_context.h
Build Time Elapsed:  00:00:21
</pre>
</body>
</html>
