Component: ARM Compiler 5.06 update 7 (build 960) Tool: armlink [4d3601]

==============================================================================

Section Cross References

    startup_stm32f407xx.o(RESET) refers to startup_stm32f407xx.o(STACK) for __initial_sp
    startup_stm32f407xx.o(RESET) refers to startup_stm32f407xx.o(.text) for Reset_Handler
    startup_stm32f407xx.o(RESET) refers to stm32f4xx_it.o(i.NMI_Handler) for NMI_Handler
    startup_stm32f407xx.o(RESET) refers to stm32f4xx_it.o(i.HardFault_Handler) for HardFault_Handler
    startup_stm32f407xx.o(RESET) refers to stm32f4xx_it.o(i.MemManage_Handler) for MemManage_Handler
    startup_stm32f407xx.o(RESET) refers to stm32f4xx_it.o(i.BusFault_Handler) for BusFault_Handler
    startup_stm32f407xx.o(RESET) refers to stm32f4xx_it.o(i.UsageFault_Handler) for UsageFault_Handler
    startup_stm32f407xx.o(RESET) refers to stm32f4xx_it.o(i.SVC_Handler) for SVC_Handler
    startup_stm32f407xx.o(RESET) refers to stm32f4xx_it.o(i.DebugMon_Handler) for DebugMon_Handler
    startup_stm32f407xx.o(RESET) refers to stm32f4xx_it.o(i.PendSV_Handler) for PendSV_Handler
    startup_stm32f407xx.o(RESET) refers to stm32f4xx_it.o(i.SysTick_Handler) for SysTick_Handler
    startup_stm32f407xx.o(RESET) refers to stm32f4xx_it.o(i.DMA1_Stream5_IRQHandler) for DMA1_Stream5_IRQHandler
    startup_stm32f407xx.o(RESET) refers to stm32f4xx_it.o(i.TIM1_UP_TIM10_IRQHandler) for TIM1_UP_TIM10_IRQHandler
    startup_stm32f407xx.o(RESET) refers to stm32f4xx_it.o(i.USART1_IRQHandler) for USART1_IRQHandler
    startup_stm32f407xx.o(RESET) refers to stm32f4xx_it.o(i.USART2_IRQHandler) for USART2_IRQHandler
    startup_stm32f407xx.o(RESET) refers to stm32f4xx_it.o(i.USART3_IRQHandler) for USART3_IRQHandler
    startup_stm32f407xx.o(RESET) refers to stm32f4xx_it.o(i.SDIO_IRQHandler) for SDIO_IRQHandler
    startup_stm32f407xx.o(RESET) refers to stm32f4xx_it.o(i.DMA2_Stream2_IRQHandler) for DMA2_Stream2_IRQHandler
    startup_stm32f407xx.o(RESET) refers to stm32f4xx_it.o(i.DMA2_Stream3_IRQHandler) for DMA2_Stream3_IRQHandler
    startup_stm32f407xx.o(RESET) refers to stm32f4xx_it.o(i.OTG_FS_IRQHandler) for OTG_FS_IRQHandler
    startup_stm32f407xx.o(RESET) refers to stm32f4xx_it.o(i.DMA2_Stream6_IRQHandler) for DMA2_Stream6_IRQHandler
    startup_stm32f407xx.o(RESET) refers to stm32f4xx_it.o(i.DMA2_Stream7_IRQHandler) for DMA2_Stream7_IRQHandler
    startup_stm32f407xx.o(.text) refers to system_stm32f4xx.o(i.SystemInit) for SystemInit
    startup_stm32f407xx.o(.text) refers to entry.o(.ARM.Collect$$$$00000000) for __main
    main.o(i.CheckUartGetDataFlag) refers to processdata.o(i.OnGetDebugUartData) for OnGetDebugUartData
    main.o(i.CheckUartGetDataFlag) refers to main.o(.data) for .data
    main.o(i.CheckUartGetDataFlag) refers to main.o(.bss) for .bss
    main.o(i.Echo_Uart) refers to printfa.o(i.__0printf) for __2printf
    main.o(i.Echo_Uart) refers to main.o(.bss) for .bss
    main.o(i.Echo_Uart) refers to main.o(.data) for .data
    main.o(i.MX_DMA_Init) refers to stm32f4xx_hal_cortex.o(i.HAL_NVIC_SetPriority) for HAL_NVIC_SetPriority
    main.o(i.MX_DMA_Init) refers to stm32f4xx_hal_cortex.o(i.HAL_NVIC_EnableIRQ) for HAL_NVIC_EnableIRQ
    main.o(i.MX_GPIO_Init) refers to memseta.o(.text) for __aeabi_memclr4
    main.o(i.MX_GPIO_Init) refers to stm32f4xx_hal_gpio.o(i.HAL_GPIO_WritePin) for HAL_GPIO_WritePin
    main.o(i.MX_GPIO_Init) refers to stm32f4xx_hal_gpio.o(i.HAL_GPIO_Init) for HAL_GPIO_Init
    main.o(i.MX_RTC_Init) refers to memseta.o(.text) for __aeabi_memclr4
    main.o(i.MX_RTC_Init) refers to stm32f4xx_hal_rtc.o(i.HAL_RTC_Init) for HAL_RTC_Init
    main.o(i.MX_RTC_Init) refers to stm32f4xx_hal_rtc.o(i.HAL_RTC_SetTime) for HAL_RTC_SetTime
    main.o(i.MX_RTC_Init) refers to stm32f4xx_hal_rtc.o(i.HAL_RTC_SetDate) for HAL_RTC_SetDate
    main.o(i.MX_RTC_Init) refers to main.o(.bss) for .bss
    main.o(i.MX_TIM1_Init) refers to stm32f4xx_hal_tim.o(i.HAL_TIM_Base_Init) for HAL_TIM_Base_Init
    main.o(i.MX_TIM1_Init) refers to stm32f4xx_hal_tim.o(i.HAL_TIM_ConfigClockSource) for HAL_TIM_ConfigClockSource
    main.o(i.MX_TIM1_Init) refers to stm32f4xx_hal_tim_ex.o(i.HAL_TIMEx_MasterConfigSynchronization) for HAL_TIMEx_MasterConfigSynchronization
    main.o(i.MX_TIM1_Init) refers to main.o(.bss) for .bss
    main.o(i.On_USART1_IRQHandler) refers to stm32f4xx_hal_uart.o(i.HAL_UART_DMAStop) for HAL_UART_DMAStop
    main.o(i.On_USART1_IRQHandler) refers to stm32f4xx_hal_uart.o(i.HAL_UART_Receive_DMA) for HAL_UART_Receive_DMA
    main.o(i.On_USART1_IRQHandler) refers to main.o(.bss) for .bss
    main.o(i.On_USART1_IRQHandler) refers to main.o(.data) for .data
    main.o(i.On_USART2_IRQHandler) refers to stm32f4xx_hal_uart.o(i.HAL_UART_DMAStop) for HAL_UART_DMAStop
    main.o(i.On_USART2_IRQHandler) refers to processdata.o(i.OnGetCommUartData) for OnGetCommUartData
    main.o(i.On_USART2_IRQHandler) refers to myrtc.o(i.TIM_GET_TASK_MS) for TIM_GET_TASK_MS
[...]
    CheckUartGetDataFlag                     0x08000a5d   Thumb Code    24  main.o(i.CheckUartGetDataFlag)
    CheckUsbGetDataFlag                      0x08000a7d   Thumb Code    24  usbd_cdc_if.o(i.CheckUsbGetDataFlag)
    ComputerAdcValue                         0x08000a9d   Thumb Code   146  computer.o(i.ComputerAdcValue)
    CopyInsFifoToAdcUserInsFifo              0x08000b5d   Thumb Code    68  processdata.o(i.CopyInsFifoToAdcUserInsFifo)
    DMA1_Stream5_IRQHandler                  0x08000ba9   Thumb Code     6  stm32f4xx_it.o(i.DMA1_Stream5_IRQHandler)
    DMA2_Stream2_IRQHandler                  0x08000bb5   Thumb Code     6  stm32f4xx_it.o(i.DMA2_Stream2_IRQHandler)
    DMA2_Stream3_IRQHandler                  0x08000bc1   Thumb Code     6  stm32f4xx_it.o(i.DMA2_Stream3_IRQHandler)
    DMA2_Stream6_IRQHandler                  0x08000bcd   Thumb Code     6  stm32f4xx_it.o(i.DMA2_Stream6_IRQHandler)
    DMA2_Stream7_IRQHandler                  0x08000bd9   Thumb Code     6  stm32f4xx_it.o(i.DMA2_Stream7_IRQHandler)
    DebugMon_Handler                         0x08000c89   Thumb Code     2  stm32f4xx_it.o(i.DebugMon_Handler)
    DecodeIns                                0x08000c8d   Thumb Code   222  processdata.o(i.DecodeIns)
    Delay_us                                 0x08000d7d   Thumb Code    16  public.o(i.Delay_us)
    Display_SendToDigitTube                  0x08000d8d   Thumb Code   344  processdata.o(i.Display_SendToDigitTube)
    DynamicZeroUpdate                        0x08000efd   Thumb Code   168  computer.o(i.DynamicZeroUpdate)
    Error_Handler                            0x08000fc5   Thumb Code     4  main.o(i.Error_Handler)
    FilterWeightValue                        0x08000fc9   Thumb Code    30  computer.o(i.FilterWeightValue)
    GetCrcSpical                             0x08000ff1   Thumb Code    34  processdata.o(i.GetCrcSpical)
    HAL_DMA_Abort                            0x08001019   Thumb Code   146  stm32f4xx_hal_dma.o(i.HAL_DMA_Abort)
    HAL_DMA_Abort_IT                         0x080010ab   Thumb Code    36  stm32f4xx_hal_dma.o(i.HAL_DMA_Abort_IT)
    HAL_DMA_IRQHandler                       0x080010d1   Thumb Code   412  stm32f4xx_hal_dma.o(i.HAL_DMA_IRQHandler)
    HAL_DMA_Init                             0x08001271   Thumb Code   206  stm32f4xx_hal_dma.o(i.HAL_DMA_Init)
    HAL_DMA_Start_IT                         0x08001345   Thumb Code   110  stm32f4xx_hal_dma.o(i.HAL_DMA_Start_IT)
    HAL_Delay                                0x080013b5   Thumb Code    32  stm32f4xx_hal.o(i.HAL_Delay)
    HAL_GPIO_Init                            0x080013d9   Thumb Code   450  stm32f4xx_hal_gpio.o(i.HAL_GPIO_Init)
    HAL_GPIO_ReadPin                         0x080015c9   Thumb Code    10  stm32f4xx_hal_gpio.o(i.HAL_GPIO_ReadPin)
    HAL_GPIO_WritePin                        0x080015d3   Thumb Code    10  stm32f4xx_hal_gpio.o(i.HAL_GPIO_WritePin)
    HAL_GetTick                              0x080015dd   Thumb Code     6  stm32f4xx_hal.o(i.HAL_GetTick)
    HAL_IncTick                              0x080015e9   Thumb Code    12  stm32f4xx_hal.o(i.HAL_IncTick)
    HAL_Init                                 0x080015f9   Thumb Code    48  stm32f4xx_hal.o(i.HAL_Init)
    HAL_InitTick                             0x0800162d   Thumb Code    54  stm32f4xx_hal.o(i.HAL_InitTick)
    HAL_MspInit                              0x0800166d   Thumb Code    42  stm32f4xx_hal_msp.o(i.HAL_MspInit)
    HAL_NVIC_EnableIRQ                       0x0800169d   Thumb Code    26  stm32f4xx_hal_cortex.o(i.HAL_NVIC_EnableIRQ)
    HAL_NVIC_SetPriority                     0x080016b9   Thumb Code    60  stm32f4xx_hal_cortex.o(i.HAL_NVIC_SetPriority)
    HAL_NVIC_SetPriorityGrouping             0x080016f9   Thumb Code    26  stm32f4xx_hal_cortex.o(i.HAL_NVIC_SetPriorityGrouping)
    HAL_PCDEx_LPM_Callback                   0x0800171d   Thumb Code     2  stm32f4xx_hal_pcd_ex.o(i.HAL_PCDEx_LPM_Callback)
    HAL_PCDEx_SetRxFiFo                      0x0800171f   Thumb Code     8  stm32f4xx_hal_pcd_ex.o(i.HAL_PCDEx_SetRxFiFo)
    HAL_PCDEx_SetTxFiFo                      0x08001727   Thumb Code    68  stm32f4xx_hal_pcd_ex.o(i.HAL_PCDEx_SetTxFiFo)
    HAL_PCD_ConnectCallback                  0x0800176b   Thumb Code     8  usbd_conf.o(i.HAL_PCD_ConnectCallback)
    HAL_PCD_DataInStageCallback              0x08001773   Thumb Code    18  usbd_conf.o(i.HAL_PCD_DataInStageCallback)
    HAL_PCD_DataOutStageCallback             0x08001785   Thumb Code    20  usbd_conf.o(i.HAL_PCD_DataOutStageCallback)
    HAL_PCD_DisconnectCallback               0x08001799   Thumb Code     8  usbd_conf.o(i.HAL_PCD_DisconnectCallback)
    HAL_PCD_EP_Abort                         0x080017a1   Thumb Code    30  stm32f4xx_hal_pcd.o(i.HAL_PCD_EP_Abort)
    HAL_PCD_EP_Close                         0x080017bf   Thumb Code    76  stm32f4xx_hal_pcd.o(i.HAL_PCD_EP_Close)
    HAL_PCD_EP_ClrStall                      0x0800180b   Thumb Code    92  stm32f4xx_hal_pcd.o(i.HAL_PCD_EP_ClrStall)
    HAL_PCD_EP_GetRxCount                    0x08001867   Thumb Code    18  stm32f4xx_hal_pcd.o(i.HAL_PCD_EP_GetRxCount)
    HAL_PCD_EP_Open                          0x08001879   Thumb Code    96  stm32f4xx_hal_pcd.o(i.HAL_PCD_EP_Open)
    HAL_PCD_EP_Receive                       0x080018d9   Thumb Code    72  stm32f4xx_hal_pcd.o(i.HAL_PCD_EP_Receive)
    HAL_PCD_EP_SetStall                      0x08001921   Thumb Code   116  stm32f4xx_hal_pcd.o(i.HAL_PCD_EP_SetStall)
    HAL_PCD_EP_Transmit                      0x08001995   Thumb Code    64  stm32f4xx_hal_pcd.o(i.HAL_PCD_EP_Transmit)
    HAL_PCD_IRQHandler                       0x080019d5   Thumb Code  1376  stm32f4xx_hal_pcd.o(i.HAL_PCD_IRQHandler)
    HAL_PCD_ISOINIncompleteCallback          0x08001f35   Thumb Code     8  usbd_conf.o(i.HAL_PCD_ISOINIncompleteCallback)
    HAL_PCD_ISOOUTIncompleteCallback         0x08001f3d   Thumb Code     8  usbd_conf.o(i.HAL_PCD_ISOOUTIncompleteCallback)
    HAL_PCD_Init                             0x08001f45   Thumb Code   226  stm32f4xx_hal_pcd.o(i.HAL_PCD_Init)
    HAL_PCD_MspInit                          0x08002029   Thumb Code   122  usbd_conf.o(i.HAL_PCD_MspInit)
    HAL_PCD_ResetCallback                    0x080020ad   Thumb Code    44  usbd_conf.o(i.HAL_PCD_ResetCallback)
    HAL_PCD_ResumeCallback                   0x080020d9   Thumb Code     8  usbd_conf.o(i.HAL_PCD_ResumeCallback)
    HAL_PCD_SOFCallback                      0x080020e1   Thumb Code     8  usbd_conf.o(i.HAL_PCD_SOFCallback)
    HAL_PCD_SetAddress                       0x080020e9   Thumb Code    40  stm32f4xx_hal_pcd.o(i.HAL_PCD_SetAddress)
    HAL_PCD_SetupStageCallback               0x08002111   Thumb Code    14  usbd_conf.o(i.HAL_PCD_SetupStageCallback)
    HAL_PCD_Start                            0x0800211f   Thumb Code    66  stm32f4xx_hal_pcd.o(i.HAL_PCD_Start)
    HAL_PCD_SuspendCallback                  0x08002161   Thumb Code    44  usbd_conf.o(i.HAL_PCD_SuspendCallback)
    HAL_RCCEx_PeriphCLKConfig                0x08002191   Thumb Code   296  stm32f4xx_hal_rcc_ex.o(i.HAL_RCCEx_PeriphCLKConfig)
    HAL_RCC_ClockConfig                      0x080022cd   Thumb Code   288  stm32f4xx_hal_rcc.o(i.HAL_RCC_ClockConfig)
    HAL_RCC_GetHCLKFreq                      0x08002401   Thumb Code     6  stm32f4xx_hal_rcc.o(i.HAL_RCC_GetHCLKFreq)
    HAL_RCC_GetPCLK1Freq                     0x0800240d   Thumb Code    20  stm32f4xx_hal_rcc.o(i.HAL_RCC_GetPCLK1Freq)
    HAL_RCC_GetPCLK2Freq                     0x0800242d   Thumb Code    20  stm32f4xx_hal_rcc.o(i.HAL_RCC_GetPCLK2Freq)
    HAL_RCC_GetSysClockFreq                  0x0800244d   Thumb Code    88  stm32f4xx_hal_rcc.o(i.HAL_RCC_GetSysClockFreq)
    HAL_RCC_OscConfig                        0x080024ad   Thumb Code   856  stm32f4xx_hal_rcc.o(i.HAL_RCC_OscConfig)
    HAL_RTC_Init                             0x08002819   Thumb Code   136  stm32f4xx_hal_rtc.o(i.HAL_RTC_Init)
    HAL_RTC_MspInit                          0x080028a5   Thumb Code    48  stm32f4xx_hal_msp.o(i.HAL_RTC_MspInit)
    HAL_RTC_SetDate                          0x080028dd   Thumb Code   146  stm32f4xx_hal_rtc.o(i.HAL_RTC_SetDate)
    HAL_RTC_SetTime                          0x08002975   Thumb Code   186  stm32f4xx_hal_rtc.o(i.HAL_RTC_SetTime)
    HAL_RTC_WaitForSynchro                   0x08002a35   Thumb Code    54  stm32f4xx_hal_rtc.o(i.HAL_RTC_WaitForSynchro)
    HAL_SD_AbortCallback                     0x08002a6b   Thumb Code     2  stm32f4xx_hal_sd.o(i.HAL_SD_AbortCallback)
    HAL_SD_ErrorCallback                     0x08002a6d   Thumb Code     2  stm32f4xx_hal_sd.o(i.HAL_SD_ErrorCallback)
    HAL_SD_GetCardCSD                        0x08002a71   Thumb Code   402  stm32f4xx_hal_sd.o(i.HAL_SD_GetCardCSD)
    HAL_SD_GetCardState                      0x08002c09   Thumb Code    44  stm32f4xx_hal_sd.o(i.HAL_SD_GetCardState)
    HAL_SD_IRQHandler                        0x08002c35   Thumb Code   512  stm32f4xx_hal_sd.o(i.HAL_SD_IRQHandler)
    HAL_SD_Init                              0x08002e3d   Thumb Code    54  stm32f4xx_hal_sd.o(i.HAL_SD_Init)
    HAL_SD_InitCard                          0x08002e75   Thumb Code   116  stm32f4xx_hal_sd.o(i.HAL_SD_InitCard)
    HAL_SD_MspInit                           0x08002ef1   Thumb Code   298  stm32f4xx_hal_msp.o(i.HAL_SD_MspInit)
    HAL_SD_RxCpltCallback                    0x08003039   Thumb Code     2  stm32f4xx_hal_sd.o(i.HAL_SD_RxCpltCallback)
    HAL_SD_TxCpltCallback                    0x0800303b   Thumb Code     2  stm32f4xx_hal_sd.o(i.HAL_SD_TxCpltCallback)
    HAL_SYSTICK_Config                       0x0800303d   Thumb Code    40  stm32f4xx_hal_cortex.o(i.HAL_SYSTICK_Config)
    HAL_TIMEx_BreakCallback                  0x08003065   Thumb Code     2  stm32f4xx_hal_tim_ex.o(i.HAL_TIMEx_BreakCallback)
    HAL_TIMEx_CommutCallback                 0x08003067   Thumb Code     2  stm32f4xx_hal_tim_ex.o(i.HAL_TIMEx_CommutCallback)
    HAL_TIMEx_MasterConfigSynchronization    0x08003069   Thumb Code   116  stm32f4xx_hal_tim_ex.o(i.HAL_TIMEx_MasterConfigSynchronization)
    HAL_TIM_Base_Init                        0x080030f9   Thumb Code    90  stm32f4xx_hal_tim.o(i.HAL_TIM_Base_Init)
    HAL_TIM_Base_MspInit                     0x08003155   Thumb Code    50  stm32f4xx_hal_msp.o(i.HAL_TIM_Base_MspInit)
    HAL_TIM_Base_Start_IT                    0x08003191   Thumb Code   100  stm32f4xx_hal_tim.o(i.HAL_TIM_Base_Start_IT)
    HAL_TIM_ConfigClockSource                0x08003211   Thumb Code   220  stm32f4xx_hal_tim.o(i.HAL_TIM_ConfigClockSource)
    HAL_TIM_IC_CaptureCallback               0x080032ed   Thumb Code     2  stm32f4xx_hal_tim.o(i.HAL_TIM_IC_CaptureCallback)
    HAL_TIM_IRQHandler                       0x080032ef   Thumb Code   358  stm32f4xx_hal_tim.o(i.HAL_TIM_IRQHandler)
    HAL_TIM_OC_DelayElapsedCallback          0x08003455   Thumb Code     2  stm32f4xx_hal_tim.o(i.HAL_TIM_OC_DelayElapsedCallback)
    HAL_TIM_PWM_PulseFinishedCallback        0x08003457   Thumb Code     2  stm32f4xx_hal_tim.o(i.HAL_TIM_PWM_PulseFinishedCallback)
    HAL_TIM_PeriodElapsedCallback            0x08003459   Thumb Code     2  stm32f4xx_hal_tim.o(i.HAL_TIM_PeriodElapsedCallback)
    HAL_TIM_TriggerCallback                  0x0800345b   Thumb Code     2  stm32f4xx_hal_tim.o(i.HAL_TIM_TriggerCallback)
    HAL_UARTEx_RxEventCallback               0x0800345d   Thumb Code     2  stm32f4xx_hal_uart.o(i.HAL_UARTEx_RxEventCallback)
    HAL_UART_DMAStop                         0x0800345f   Thumb Code   112  stm32f4xx_hal_uart.o(i.HAL_UART_DMAStop)
    HAL_UART_ErrorCallback                   0x080034cf   Thumb Code     2  stm32f4xx_hal_uart.o(i.HAL_UART_ErrorCallback)
    HAL_UART_GetState                        0x080034d1   Thumb Code    10  stm32f4xx_hal_uart.o(i.HAL_UART_GetState)
    HAL_UART_IRQHandler                      0x080034dd   Thumb Code   610  stm32f4xx_hal_uart.o(i.HAL_UART_IRQHandler)
    HAL_UART_Init                            0x08003745   Thumb Code    98  stm32f4xx_hal_uart.o(i.HAL_UART_Init)
    HAL_UART_MspInit                         0x080037a9   Thumb Code   422  stm32f4xx_hal_msp.o(i.HAL_UART_MspInit)
    HAL_UART_Receive_DMA                     0x0800397d   Thumb Code    42  stm32f4xx_hal_uart.o(i.HAL_UART_Receive_DMA)
    HAL_UART_RxCpltCallback                  0x080039a7   Thumb Code     2  stm32f4xx_hal_uart.o(i.HAL_UART_RxCpltCallback)
    HAL_UART_RxHalfCpltCallback              0x080039a9   Thumb Code     2  stm32f4xx_hal_uart.o(i.HAL_UART_RxHalfCpltCallback)
    HAL_UART_Transmit_IT                     0x080039ab   Thumb Code    62  stm32f4xx_hal_uart.o(i.HAL_UART_Transmit_IT)
    HAL_UART_TxCpltCallback                  0x080039e9   Thumb Code     2  stm32f4xx_hal_uart.o(i.HAL_UART_TxCpltCallback)
    HardFault_Handler                        0x080039eb   Thumb Code     2  stm32f4xx_it.o(i.HardFault_Handler)
    MX_USB_DEVICE_Init                       0x08003c65   Thumb Code    66  usb_device.o(i.MX_USB_DEVICE_Init)
    MemManage_Handler                        0x08003cb9   Thumb Code     2  stm32f4xx_it.o(i.MemManage_Handler)
    NMI_Handler                              0x08003cbb   Thumb Code     2  stm32f4xx_it.o(i.NMI_Handler)
    OTG_FS_IRQHandler                        0x08003cbd   Thumb Code     6  stm32f4xx_it.o(i.OTG_FS_IRQHandler)
    OnGetCommUartData                        0x08003cc9   Thumb Code    62  processdata.o(i.OnGetCommUartData)
    OnGetDebugUartData                       0x08003d1d   Thumb Code     2  processdata.o(i.OnGetDebugUartData)
    On_USART1_IRQHandler                     0x08003d21   Thumb Code    60  main.o(i.On_USART1_IRQHandler)
    On_USART2_IRQHandler                     0x08003d65   Thumb Code    76  main.o(i.On_USART2_IRQHandler)
    PendSV_Handler                           0x08003f2b   Thumb Code     2  stm32f4xx_it.o(i.PendSV_Handler)
    PushInsData                              0x08003f2d   Thumb Code   140  processdata.o(i.PushInsData)
    RTC_ByteToBcd2                           0x08003fe1   Thumb Code    24  stm32f4xx_hal_rtc.o(i.RTC_ByteToBcd2)
    RTC_EnterInitMode                        0x08003ff9   Thumb Code    72  stm32f4xx_hal_rtc.o(i.RTC_EnterInitMode)
    RTC_ExitInitMode                         0x08004041   Thumb Code    42  stm32f4xx_hal_rtc.o(i.RTC_ExitInitMode)
    ReadAdc                                  0x0800406d   Thumb Code   172  processdata.o(i.ReadAdc)
    SDIO_GetPowerState                       0x0800412d   Thumb Code     8  stm32f4xx_ll_sdmmc.o(i.SDIO_GetPowerState)
    SDIO_GetResponse                         0x08004135   Thumb Code     6  stm32f4xx_ll_sdmmc.o(i.SDIO_GetResponse)
    SDIO_IRQHandler                          0x0800413d   Thumb Code     6  stm32f4xx_it.o(i.SDIO_IRQHandler)
    SDIO_Init                                0x08004149   Thumb Code    36  stm32f4xx_ll_sdmmc.o(i.SDIO_Init)
    SDIO_PowerState_ON                       0x0800416d   Thumb Code     8  stm32f4xx_ll_sdmmc.o(i.SDIO_PowerState_ON)
    SDIO_ReadFIFO                            0x08004175   Thumb Code     6  stm32f4xx_ll_sdmmc.o(i.SDIO_ReadFIFO)
    SDIO_SendCommand                         0x0800417b   Thumb Code    32  stm32f4xx_ll_sdmmc.o(i.SDIO_SendCommand)
    SDIO_WriteFIFO                           0x0800419b   Thumb Code    10  stm32f4xx_ll_sdmmc.o(i.SDIO_WriteFIFO)
    SDMMC_CmdAppCommand                      0x080041a5   Thumb Code    50  stm32f4xx_ll_sdmmc.o(i.SDMMC_CmdAppCommand)
    SDMMC_CmdAppOperCommand                  0x080041d9   Thumb Code    48  stm32f4xx_ll_sdmmc.o(i.SDMMC_CmdAppOperCommand)
    SDMMC_CmdBlockLength                     0x0800420d   Thumb Code    50  stm32f4xx_ll_sdmmc.o(i.SDMMC_CmdBlockLength)
    SDMMC_CmdGoIdleState                     0x08004241   Thumb Code    74  stm32f4xx_ll_sdmmc.o(i.SDMMC_CmdGoIdleState)
    SDMMC_CmdOperCond                        0x08004291   Thumb Code    48  stm32f4xx_ll_sdmmc.o(i.SDMMC_CmdOperCond)
    SDMMC_CmdSelDesel                        0x080042c1   Thumb Code    50  stm32f4xx_ll_sdmmc.o(i.SDMMC_CmdSelDesel)
    SDMMC_CmdSendCID                         0x080042f3   Thumb Code    44  stm32f4xx_ll_sdmmc.o(i.SDMMC_CmdSendCID)
    SDMMC_CmdSendCSD                         0x0800431f   Thumb Code    44  stm32f4xx_ll_sdmmc.o(i.SDMMC_CmdSendCSD)
    SDMMC_CmdSendStatus                      0x0800434b   Thumb Code    50  stm32f4xx_ll_sdmmc.o(i.SDMMC_CmdSendStatus)
    SDMMC_CmdSetRelAdd                       0x0800437d   Thumb Code    48  stm32f4xx_ll_sdmmc.o(i.SDMMC_CmdSetRelAdd)
    SDMMC_CmdStopTransfer                    0x080043ad   Thumb Code    46  stm32f4xx_ll_sdmmc.o(i.SDMMC_CmdStopTransfer)
    SDMMC_GetCmdResp1                        0x080043e1   Thumb Code   278  stm32f4xx_ll_sdmmc.o(i.SDMMC_GetCmdResp1)
    SDMMC_GetCmdResp2                        0x08004501   Thumb Code    76  stm32f4xx_ll_sdmmc.o(i.SDMMC_GetCmdResp2)
    SDMMC_GetCmdResp3                        0x08004551   Thumb Code    62  stm32f4xx_ll_sdmmc.o(i.SDMMC_GetCmdResp3)
    SDMMC_GetCmdResp6                        0x08004595   Thumb Code   130  stm32f4xx_ll_sdmmc.o(i.SDMMC_GetCmdResp6)
    SDMMC_GetCmdResp7                        0x0800461d   Thumb Code    82  stm32f4xx_ll_sdmmc.o(i.SDMMC_GetCmdResp7)
    SEND_TASK                                0x080048a1   Thumb Code    10  send.o(i.SEND_TASK)
    SVC_Handler                              0x080048b1   Thumb Code     2  stm32f4xx_it.o(i.SVC_Handler)
    ScaleModelRunner_Init                    0x080048bd   Thumb Code    16  scalemodelrunner.o(i.ScaleModelRunner_Init)
    ScaleModelRunner_Step                    0x080048d5   Thumb Code   284  scalemodelrunner.o(i.ScaleModelRunner_Step)
    SetWeightToAdcValue                      0x080049f9   Thumb Code    24  computer.o(i.SetWeightToAdcValue)
    StartMeasure                             0x08004a19   Thumb Code    36  computer.o(i.StartMeasure)
    SysTick_Handler                          0x08004a5d   Thumb Code     4  stm32f4xx_it.o(i.SysTick_Handler)
    SystemClock_Config                       0x08004a61   Thumb Code   146  main.o(i.SystemClock_Config)
    SystemInit                               0x08004afd   Thumb Code    12  system_stm32f4xx.o(i.SystemInit)
    TIM1_UP_TIM10_IRQHandler                 0x08004b0d   Thumb Code    26  stm32f4xx_it.o(i.TIM1_UP_TIM10_IRQHandler)
    TIM_Base_SetConfig                       0x08004b35   Thumb Code   156  stm32f4xx_hal_tim.o(i.TIM_Base_SetConfig)
    TIM_COMPUTER                             0x08004bfd   Thumb Code    48  myrtc.o(i.TIM_COMPUTER)
    TIM_ETR_SetConfig                        0x08004c31   Thumb Code    20  stm32f4xx_hal_tim.o(i.TIM_ETR_SetConfig)
    TIM_GET_TASK_MS                          0x08004c45   Thumb Code    18  myrtc.o(i.TIM_GET_TASK_MS)
    TIM_MS_COMPUTER                          0x08004c6d   Thumb Code     8  myrtc.o(i.TIM_MS_COMPUTER)
    UART_Start_Receive_DMA                   0x08004fe9   Thumb Code   134  stm32f4xx_hal_uart.o(i.UART_Start_Receive_DMA)
    USART1_IRQHandler                        0x0800507d   Thumb Code    16  stm32f4xx_it.o(i.USART1_IRQHandler)
    USART2_IRQHandler                        0x08005091   Thumb Code    16  stm32f4xx_it.o(i.USART2_IRQHandler)
    USART3_IRQHandler                        0x080050a5   Thumb Code     6  stm32f4xx_it.o(i.USART3_IRQHandler)
    USBD_CDC_GetDeviceQualifierDescriptor    0x0800522d   Thumb Code     8  usbd_cdc.o(i.USBD_CDC_GetDeviceQualifierDescriptor)
    USBD_CDC_ReceivePacket                   0x08005409   Thumb Code    50  usbd_cdc.o(i.USBD_CDC_ReceivePacket)
    USBD_CDC_RegisterInterface               0x08005441   Thumb Code    22  usbd_cdc.o(i.USBD_CDC_RegisterInterface)
    USBD_CDC_SetRxBuffer                     0x08005457   Thumb Code    26  usbd_cdc.o(i.USBD_CDC_SetRxBuffer)
    USBD_CDC_SetTxBuffer                     0x08005471   Thumb Code    30  usbd_cdc.o(i.USBD_CDC_SetTxBuffer)
    USBD_CDC_TransmitPacket                  0x08005565   Thumb Code    76  usbd_cdc.o(i.USBD_CDC_TransmitPacket)
    USBD_ClrClassConfig                      0x080055b5   Thumb Code    20  usbd_core.o(i.USBD_ClrClassConfig)
    USBD_CoreFindEP                          0x080055c9   Thumb Code     4  usbd_core.o(i.USBD_CoreFindEP)
    USBD_CoreFindIF                          0x080055cd   Thumb Code     4  usbd_core.o(i.USBD_CoreFindIF)
    USBD_CtlContinueRx                       0x080055d1   Thumb Code    16  usbd_ioreq.o(i.USBD_CtlContinueRx)
    USBD_CtlContinueSendData                 0x080055e1   Thumb Code    16  usbd_ioreq.o(i.USBD_CtlContinueSendData)
    USBD_CtlError                            0x080055f1   Thumb Code    22  usbd_ctlreq.o(i.USBD_CtlError)
    USBD_CtlPrepareRx                        0x08005607   Thumb Code    30  usbd_ioreq.o(i.USBD_CtlPrepareRx)
    USBD_CtlReceiveStatus                    0x08005625   Thumb Code    22  usbd_ioreq.o(i.USBD_CtlReceiveStatus)
    USBD_CtlSendData                         0x0800563b   Thumb Code    26  usbd_ioreq.o(i.USBD_CtlSendData)
    USBD_CtlSendStatus                       0x08005655   Thumb Code    22  usbd_ioreq.o(i.USBD_CtlSendStatus)
    USBD_FS_ConfigStrDescriptor              0x0800566d   Thumb Code    16  usbd_desc.o(i.USBD_FS_ConfigStrDescriptor)
    USBD_FS_DeviceDescriptor                 0x0800568d   Thumb Code     8  usbd_desc.o(i.USBD_FS_DeviceDescriptor)
    USBD_FS_InterfaceStrDescriptor           0x08005699   Thumb Code    16  usbd_desc.o(i.USBD_FS_InterfaceStrDescriptor)
    USBD_FS_LangIDStrDescriptor              0x080056bd   Thumb Code     8  usbd_desc.o(i.USBD_FS_LangIDStrDescriptor)
    USBD_FS_ManufacturerStrDescriptor        0x080056c9   Thumb Code    16  usbd_desc.o(i.USBD_FS_ManufacturerStrDescriptor)
    USBD_FS_ProductStrDescriptor             0x080056f1   Thumb Code    16  usbd_desc.o(i.USBD_FS_ProductStrDescriptor)
    USBD_FS_SerialStrDescriptor              0x0800571d   Thumb Code    48  usbd_desc.o(i.USBD_FS_SerialStrDescriptor)
    USBD_GetEpDesc                           0x0800583b   Thumb Code    58  usbd_core.o(i.USBD_GetEpDesc)
    USBD_GetNextDesc                         0x08005875   Thumb Code    14  usbd_core.o(i.USBD_GetNextDesc)
    USBD_GetString                           0x08005883   Thumb Code    72  usbd_ctlreq.o(i.USBD_GetString)
    USBD_Get_USB_Status                      0x080058cb   Thumb Code    24  usbd_conf.o(i.USBD_Get_USB_Status)
    USBD_Init                                0x080058e3   Thumb Code    38  usbd_core.o(i.USBD_Init)
    USBD_LL_ClearStallEP                     0x08005909   Thumb Code    18  usbd_conf.o(i.USBD_LL_ClearStallEP)
    USBD_LL_CloseEP                          0x0800591b   Thumb Code    18  usbd_conf.o(i.USBD_LL_CloseEP)
    USBD_LL_DataInStage                      0x0800592d   Thumb Code   182  usbd_core.o(i.USBD_LL_DataInStage)
    USBD_LL_DataOutStage                     0x080059e3   Thumb Code   142  usbd_core.o(i.USBD_LL_DataOutStage)
    USBD_LL_DevConnected                     0x08005a71   Thumb Code     4  usbd_core.o(i.USBD_LL_DevConnected)
    USBD_LL_DevDisconnected                  0x08005a75   Thumb Code    30  usbd_core.o(i.USBD_LL_DevDisconnected)
    USBD_LL_GetRxDataSize                    0x08005a93   Thumb Code     8  usbd_conf.o(i.USBD_LL_GetRxDataSize)
    USBD_LL_Init                             0x08005a9d   Thumb Code    90  usbd_conf.o(i.USBD_LL_Init)
    USBD_LL_IsStallEP                        0x08005afd   Thumb Code    32  usbd_conf.o(i.USBD_LL_IsStallEP)
    USBD_LL_IsoINIncomplete                  0x08005b1d   Thumb Code    40  usbd_core.o(i.USBD_LL_IsoINIncomplete)
    USBD_LL_IsoOUTIncomplete                 0x08005b45   Thumb Code    40  usbd_core.o(i.USBD_LL_IsoOUTIncomplete)
    USBD_LL_OpenEP                           0x08005b6d   Thumb Code    24  usbd_conf.o(i.USBD_LL_OpenEP)
    USBD_LL_PrepareReceive                   0x08005b85   Thumb Code    18  usbd_conf.o(i.USBD_LL_PrepareReceive)
    USBD_LL_Reset                            0x08005b97   Thumb Code    92  usbd_core.o(i.USBD_LL_Reset)
    USBD_LL_Resume                           0x08005bf3   Thumb Code    20  usbd_core.o(i.USBD_LL_Resume)
    USBD_LL_SOF                              0x08005c07   Thumb Code    26  usbd_core.o(i.USBD_LL_SOF)
    USBD_LL_SetSpeed                         0x08005c21   Thumb Code     6  usbd_core.o(i.USBD_LL_SetSpeed)
    USBD_LL_SetUSBAddress                    0x08005c27   Thumb Code    18  usbd_conf.o(i.USBD_LL_SetUSBAddress)
    USBD_LL_SetupStage                       0x08005c39   Thumb Code    96  usbd_core.o(i.USBD_LL_SetupStage)
    USBD_LL_StallEP                          0x08005c99   Thumb Code    18  usbd_conf.o(i.USBD_LL_StallEP)
    USBD_LL_Start                            0x08005cab   Thumb Code    18  usbd_conf.o(i.USBD_LL_Start)
    USBD_LL_Suspend                          0x08005cbd   Thumb Code    18  usbd_core.o(i.USBD_LL_Suspend)
    USBD_LL_Transmit                         0x08005ccf   Thumb Code    18  usbd_conf.o(i.USBD_LL_Transmit)
    USBD_ParseSetupRequest                   0x08005ce1   Thumb Code    44  usbd_ctlreq.o(i.USBD_ParseSetupRequest)
    USBD_RegisterClass                       0x08005d0d   Thumb Code    58  usbd_core.o(i.USBD_RegisterClass)
    USBD_SetClassConfig                      0x08005d47   Thumb Code    20  usbd_core.o(i.USBD_SetClassConfig)
    USBD_Start                               0x08005e15   Thumb Code     4  usbd_core.o(i.USBD_Start)
    USBD_StdDevReq                           0x08005e19   Thumb Code   300  usbd_ctlreq.o(i.USBD_StdDevReq)
    USBD_StdEPReq                            0x08005f45   Thumb Code   352  usbd_ctlreq.o(i.USBD_StdEPReq)
    USBD_StdItfReq                           0x080060a5   Thumb Code   114  usbd_ctlreq.o(i.USBD_StdItfReq)
    USBD_static_free                         0x08006117   Thumb Code     2  usbd_conf.o(i.USBD_static_free)
    USBD_static_malloc                       0x08006119   Thumb Code     4  usbd_conf.o(i.USBD_static_malloc)
    USB_ActivateEndpoint                     0x08006121   Thumb Code   122  stm32f4xx_ll_usb.o(i.USB_ActivateEndpoint)
    USB_ActivateSetup                        0x080061a1   Thumb Code    28  stm32f4xx_ll_usb.o(i.USB_ActivateSetup)
    USB_CoreInit                             0x080061bd   Thumb Code   112  stm32f4xx_ll_usb.o(i.USB_CoreInit)
    USB_DeactivateEndpoint                   0x08006271   Thumb Code   194  stm32f4xx_ll_usb.o(i.USB_DeactivateEndpoint)
    USB_DevConnect                           0x0800633d   Thumb Code    28  stm32f4xx_ll_usb.o(i.USB_DevConnect)
    USB_DevDisconnect                        0x08006359   Thumb Code    28  stm32f4xx_ll_usb.o(i.USB_DevDisconnect)
    USB_DevInit                              0x08006375   Thumb Code   362  stm32f4xx_ll_usb.o(i.USB_DevInit)
    USB_DisableGlobalInt                     0x080064e9   Thumb Code    12  stm32f4xx_ll_usb.o(i.USB_DisableGlobalInt)
    USB_EP0StartXfer                         0x080064f5   Thumb Code   280  stm32f4xx_ll_usb.o(i.USB_EP0StartXfer)
    USB_EP0_OutStart                         0x08006611   Thumb Code    84  stm32f4xx_ll_usb.o(i.USB_EP0_OutStart)
    USB_EPClearStall                         0x08006669   Thumb Code    88  stm32f4xx_ll_usb.o(i.USB_EPClearStall)
    USB_EPSetStall                           0x080066c1   Thumb Code    88  stm32f4xx_ll_usb.o(i.USB_EPSetStall)
    USB_EPStartXfer                          0x08006719   Thumb Code   480  stm32f4xx_ll_usb.o(i.USB_EPStartXfer)
    USB_EPStopXfer                           0x080068fd   Thumb Code   158  stm32f4xx_ll_usb.o(i.USB_EPStopXfer)
    USB_EnableGlobalInt                      0x0800699b   Thumb Code    12  stm32f4xx_ll_usb.o(i.USB_EnableGlobalInt)
    USB_FlushRxFifo                          0x080069a9   Thumb Code    54  stm32f4xx_ll_usb.o(i.USB_FlushRxFifo)
    USB_FlushTxFifo                          0x080069e5   Thumb Code    58  stm32f4xx_ll_usb.o(i.USB_FlushTxFifo)
    USB_GetDevSpeed                          0x08006a25   Thumb Code    26  stm32f4xx_ll_usb.o(i.USB_GetDevSpeed)
    USB_GetMode                              0x08006a3f   Thumb Code     8  stm32f4xx_ll_usb.o(i.USB_GetMode)
    USB_Process_TxBuffer                     0x08006a49   Thumb Code   106  usbd_cdc_if.o(i.USB_Process_TxBuffer)
    USB_ReadDevAllInEpInterrupt              0x08006ac5   Thumb Code    14  stm32f4xx_ll_usb.o(i.USB_ReadDevAllInEpInterrupt)
    USB_ReadDevAllOutEpInterrupt             0x08006ad3   Thumb Code    14  stm32f4xx_ll_usb.o(i.USB_ReadDevAllOutEpInterrupt)
    USB_ReadDevInEPInterrupt                 0x08006ae1   Thumb Code    36  stm32f4xx_ll_usb.o(i.USB_ReadDevInEPInterrupt)
    USB_ReadDevOutEPInterrupt                0x08006b05   Thumb Code    16  stm32f4xx_ll_usb.o(i.USB_ReadDevOutEPInterrupt)
    USB_ReadInterrupts                       0x08006b15   Thumb Code     8  stm32f4xx_ll_usb.o(i.USB_ReadInterrupts)
    USB_ReadPacket                           0x08006b1d   Thumb Code    62  stm32f4xx_ll_usb.o(i.USB_ReadPacket)
    USB_SetCurrentMode                       0x08006b5b   Thumb Code    92  stm32f4xx_ll_usb.o(i.USB_SetCurrentMode)
    USB_SetDevAddress                        0x08006bb7   Thumb Code    34  stm32f4xx_ll_usb.o(i.USB_SetDevAddress)
    USB_SetTurnaroundTime                    0x08006bd9   Thumb Code   158  stm32f4xx_ll_usb.o(i.USB_SetTurnaroundTime)
    USB_Transmit_Char                        0x08006cc1   Thumb Code    34  usbd_cdc_if.o(i.USB_Transmit_Char)
    USB_WritePacket                          0x08006ced   Thumb Code    40  stm32f4xx_ll_usb.o(i.USB_WritePacket)
    UsageFault_Handler                       0x08006d15   Thumb Code     2  stm32f4xx_it.o(i.UsageFault_Handler)
    ZeroVerify                               0x08006d19   Thumb Code    48  computer.o(i.ZeroVerify)
    __0printf                                0x08006d6d   Thumb Code    22  printfa.o(i.__0printf)
    __1printf                                0x08006d6d   Thumb Code     0  printfa.o(i.__0printf)
    __2printf                                0x08006d6d   Thumb Code     0  printfa.o(i.__0printf)
    __c89printf                              0x08006d6d   Thumb Code     0  printfa.o(i.__0printf)
    printf                                   0x08006d6d   Thumb Code     0  printfa.o(i.__0printf)
    __ARM_fpclassifyf                        0x08006d8d   Thumb Code    38  fpclassifyf.o(i.__ARM_fpclassifyf)
    __hardfp_expf                            0x08006dd5   Thumb Code   426  expf.o(i.__hardfp_expf)
    __mathlib_expf                           0x08006dd5   Thumb Code     0  expf.o(i.__hardfp_expf)
    __hardfp_fabs                            0x08006fbd   Thumb Code    20  fabs.o(i.__hardfp_fabs)
    __hardfp_sqrtf                           0x08006fd1   Thumb Code    58  sqrtf.o(i.__hardfp_sqrtf)
    __hardfp_tanhf                           0x0800700d   Thumb Code   208  tanhf.o(i.__hardfp_tanhf)
    __mathlib_flt_infnan                     0x080070f1   Thumb Code     6  funder.o(i.__mathlib_flt_infnan)
    __mathlib_flt_overflow                   0x080070f9   Thumb Code    10  funder.o(i.__mathlib_flt_overflow)
    __mathlib_flt_underflow                  0x08007109   Thumb Code    10  funder.o(i.__mathlib_flt_underflow)
    __scatterload_copy                       0x08007119   Thumb Code    14  handlers.o(i.__scatterload_copy)
    __scatterload_null                       0x08007127   Thumb Code     2  handlers.o(i.__scatterload_null)
    __scatterload_zeroinit                   0x08007129   Thumb Code    14  handlers.o(i.__scatterload_zeroinit)
    __set_errno                              0x08007139   Thumb Code     6  errno.o(i.__set_errno)
    fputc                                    0x08007c31   Thumb Code    24  main.o(i.fputc)
    main                                     0x08007c4d   Thumb Code   706  main.o(i.main)
    scale_stream_init                        0x08008085   Thumb Code    94  scale_model_fp32.o(i.scale_stream_init)
    scale_stream_step                        0x080080fd   Thumb Code   584  scale_model_fp32.o(i.scale_stream_step)
    AHBPrescTable                            0x08008358   Data          16  system_stm32f4xx.o(.constdata)
    APBPrescTable                            0x08008368   Data           8  system_stm32f4xx.o(.constdata)
    Region$$Table$$Base                      0x080ccd38   Number         0  anon$$obj.o(Region$$Table)
    Region$$Table$$Limit                     0x080ccd58   Number         0  anon$$obj.o(Region$$Table)
    Uart1_rxFlag                             0x20000001   Data           1  main.o(.data)
    Uart1_rxLength                           0x20000002   Data           2  main.o(.data)
    Uart2_rxLength                           0x20000004   Data           2  main.o(.data)
    nine_count                               0x20000010   Data           4  main.o(.data)
    TIM1_COUNT                               0x20000028   Data           4  stm32f4xx_it.o(.data)
    FS_Desc                                  0x2000002c   Data          28  usbd_desc.o(.data)
    USBD_LangIDDesc                          0x20000048   Data           4  usbd_desc.o(.data)
    USBD_FS_DeviceDesc                       0x2000004c   Data          18  usbd_desc.o(.data)
    USBD_StringSerial                        0x20000060   Data          26  usbd_desc.o(.data)
    UsbRxDataFlag                            0x2000007a   Data           1  usbd_cdc_if.o(.data)
    UsbTxBusy                                0x2000007b   Data           1  usbd_cdc_if.o(.data)
    UsbRxDataLength                          0x2000007c   Data           2  usbd_cdc_if.o(.data)
    UsbTxBufferHead                          0x2000007e   Data           2  usbd_cdc_if.o(.data)
    UsbTxBufferTail                          0x20000080   Data           2  usbd_cdc_if.o(.data)
    USBD_Interface_fops_FS                   0x20000084   Data          20  usbd_cdc_if.o(.data)
    uwTickFreq                               0x20000098   Data           1  stm32f4xx_hal.o(.data)
    uwTickPrio                               0x2000009c   Data           4  stm32f4xx_hal.o(.data)
    uwTick                                   0x200000a0   Data           4  stm32f4xx_hal.o(.data)
    SystemCoreClock                          0x200000a4   Data           4  system_stm32f4xx.o(.data)
    USBD_CDC                                 0x20000100   Data          56  usbd_cdc.o(.data)
    WeightFilterBufferPointer                0x20000138   Data           2  config.o(.data)
    FilteredrCurrentWeightValue              0x20000140   Data           8  config.o(.data)
    CK1                                      0x2000014f   Data           1  processdata.o(.data)
    CK2                                      0x20000150   Data           1  processdata.o(.data)
    AdcValue                                 0x20000154   Data           4  processdata.o(.data)
    decodeIns_count                          0x20000158   Data           4  processdata.o(.data)
    UartDebugHandle2                         0x20000170   Data           4  processdata.o(.data)
    SdHandle                                 0x20000174   Data           4  sdmanager.o(.data)
    UartDebugHandle                          0x20000178   Data           4  sdmanager.o(.data)
    CurrentSectorPointer                     0x2000017c   Data           4  sdmanager.o(.data)
    AdcBufferFull                            0x20000180   Data           1  computer.o(.data)
    ZeroMark                                 0x20000181   Data           1  computer.o(.data)
    AdBufferPointer                          0x20000184   Data           2  computer.o(.data)
    FilterSkipCounter                        0x20000186   Data           2  computer.o(.data)
    ZeroMarkValue                            0x20000190   Data           8  computer.o(.data)
    CurrentAdcValue                          0x20000198   Data           8  computer.o(.data)
    CurrentWeight                            0x200001a0   Data           8  computer.o(.data)
    L_Ncc                                    0x200001b8   Data          88  computer.o(.data)
    my_send                                  0x20000210   Data           8  send.o(.data)
    ScaleModel_ready                         0x20000218   Data           1  scalemodelrunner.o(.data)
    ScaleModel_yFused                        0x2000021c   Data           4  scalemodelrunner.o(.data)
    ScaleModel_yBaseline                     0x20000220   Data           4  scalemodelrunner.o(.data)
    ScaleModel_yModel                        0x20000224   Data           4  scalemodelrunner.o(.data)
    __stdout                                 0x20000228   Data           4  stdout.o(.data)
    hrtc                                     0x20000230   Data          32  main.o(.bss)
    hsd                                      0x20000250   Data         132  main.o(.bss)
    htim1                                    0x200002d4   Data          72  main.o(.bss)
    huart1                                   0x2000031c   Data          68  main.o(.bss)
    huart2                                   0x20000360   Data          68  main.o(.bss)
    huart3                                   0x200003a4   Data          68  main.o(.bss)
    Uart1_RxBuffer                           0x200003e8   Data        1024  main.o(.bss)
    Uart2_RxBuffer                           0x200007e8   Data        1024  main.o(.bss)
    hdma_sdio_rx                             0x20000be8   Data          96  main.o(.bss)
    hdma_sdio_tx                             0x20000c48   Data          96  main.o(.bss)
    hdma_usart1_rx                           0x20000ca8   Data          96  main.o(.bss)
    hdma_usart1_tx                           0x20000d08   Data          96  main.o(.bss)
    hdma_usart2_rx                           0x20000d68   Data          96  main.o(.bss)
    hUsbDeviceFS                             0x20000dc8   Data         732  usb_device.o(.bss)
    USBD_StrDesc                             0x200010a4   Data         512  usbd_desc.o(.bss)
    UserRxBufferFS                           0x200012e4   Data        2048  usbd_cdc_if.o(.bss)
    UserTxBufferFS                           0x20001ae4   Data        2048  usbd_cdc_if.o(.bss)
    UsbRxDataBuffer                          0x200022e4   Data        1024  usbd_cdc_if.o(.bss)
    UsbTxBuffer                              0x200026e4   Data        2048  usbd_cdc_if.o(.bss)
    hpcd_USB_OTG_FS                          0x20003104   Data        1292  usbd_conf.o(.bss)
    InsFifo                                  0x20003610   Data        1608  config.o(.bss)
    AdcUserInsFifo                           0x20003c58   Data        1608  config.o(.bss)
    Acceleration                             0x200042a0   Data          24  processdata.o(.bss)
    AngularVelocity                          0x200042b8   Data          24  processdata.o(.bss)
    RealaAngle                               0x200042d0   Data          24  processdata.o(.bss)
    FOUR_element                             0x200042e8   Data          32  processdata.o(.bss)
    AdcVauleArray                            0x20004328   Data         400  computer.o(.bss)
    tim_data                                 0x200044b8   Data          80  myrtc.o(.bss)
    __initial_sp                             0x20006048   Data           0  startup_stm32f407xx.o(STACK)



==============================================================================

Memory Map of the image

  Image Entry point : 0x08000189

  Load Region LR_IROM1 (Base: 0x08000000, Size: 0x000ccf88, Max: 0x00100000, ABSOLUTE, COMPRESSED[0x000cce54])

    Execution Region ER_IROM1 (Exec base: 0x08000000, Load base: 0x08000000, Size: 0x000ccd58, Max: 0x00100000, ABSOLUTE)

    Exec Addr    Load Addr    Size         Type   Attr      Idx    E Section Name        Object

    0x08000000   0x08000000   0x00000188   Data   RO            3    RESET               startup_stm32f407xx.o
    0x08000188   0x08000188   0x00000000   Code   RO         6012  * .ARM.Collect$$$$00000000  mc_w.l(entry.o)
    0x08000188   0x08000188   0x00000004   Code   RO         6379    .ARM.Collect$$$$00000001  mc_w.l(entry2.o)
    0x0800018c   0x0800018c   0x00000004   Code   RO         6382    .ARM.Collect$$$$00000004  mc_w.l(entry5.o)
    0x08000190   0x08000190   0x00000000   Code   RO         6384    .ARM.Collect$$$$00000008  mc_w.l(entry7b.o)
    0x08000190   0x08000190   0x00000000   Code   RO         6386    .ARM.Collect$$$$0000000A  mc_w.l(entry8b.o)
    0x08000190   0x08000190   0x00000008   Code   RO         6387    .ARM.Collect$$$$0000000B  mc_w.l(entry9a.o)
    0x08000198   0x08000198   0x00000004   Code   RO         6394    .ARM.Collect$$$$0000000E  mc_w.l(entry12b.o)
    0x0800019c   0x0800019c   0x00000000   Code   RO         6389    .ARM.Collect$$$$0000000F  mc_w.l(entry10a.o)
    0x0800019c   0x0800019c   0x00000000   Code   RO         6391    .ARM.Collect$$$$00000011  mc_w.l(entry11a.o)
    0x0800019c   0x0800019c   0x00000004   Code   RO         6380    .ARM.Collect$$$$00002712  mc_w.l(entry2.o)
    0x080001a0   0x080001a0   0x00000024   Code   RO            4    .text               startup_stm32f407xx.o
    0x080001c4   0x080001c4   0x00000062   Code   RO         6015    .text               mc_w.l(uldiv.o)
    0x08000226   0x08000226   0x00000024   Code   RO         6017    .text               mc_w.l(memcpya.o)
    0x0800024a   0x0800024a   0x00000024   Code   RO         6019    .text               mc_w.l(memseta.o)
    0x0800026e   0x0800026e   0x0000014e   Code   RO         6286    .text               mf_w.l(dadd.o)
    0x080003bc   0x080003bc   0x000000e4   Code   RO         6288    .text               mf_w.l(dmul.o)
    0x080004a0   0x080004a0   0x000000de   Code   RO         6290    .text               mf_w.l(ddiv.o)
    0x0800057e   0x0800057e   0x00000022   Code   RO         6292    .text               mf_w.l(dflti.o)
    0x080005a0   0x080005a0   0x0000001a   Code   RO         6294    .text               mf_w.l(dfltui.o)
    0x080005ba   0x080005ba   0x00000026   Code   RO         6296    .text               mf_w.l(f2d.o)
    0x080005e0   0x080005e0   0x00000030   Code   RO         6298    .text               mf_w.l(cdcmple.o)
    0x08000610   0x08000610   0x00000030   Code   RO         6300    .text               mf_w.l(cdrcmple.o)
    0x08000640   0x08000640   0x00000038   Code   RO         6302    .text               mf_w.l(d2f.o)
    0x08000678   0x08000678   0x0000002c   Code   RO         6396    .text               mc_w.l(uidiv.o)
    0x080006a4   0x080006a4   0x0000001e   Code   RO         6398    .text               mc_w.l(llshl.o)
    0x080006c2   0x080006c2   0x00000020   Code   RO         6400    .text               mc_w.l(llushr.o)
    0x080006e2   0x080006e2   0x00000024   Code   RO         6402    .text               mc_w.l(llsshr.o)
    0x08000706   0x08000706   0x00000000   Code   RO         6411    .text               mc_w.l(iusefp.o)
    0x08000706   0x08000706   0x0000006e   Code   RO         6412    .text               mf_w.l(fepilogue.o)
    0x08000774   0x08000774   0x000000ba   Code   RO         6414    .text               mf_w.l(depilogue.o)
    0x0800082e   0x0800082e   0x00000030   Code   RO         6418    .text               mf_w.l(dfixul.o)
    0x0800085e   0x0800085e   0x00000002   PAD
    0x08000860   0x08000860   0x00000024   Code   RO         6420    .text               mc_w.l(init.o)
    0x08000884   0x08000884   0x00000056   Code   RO         6434    .text               mc_w.l(__dczerorl2.o)
    0x080008da   0x080008da   0x00000002   Code   RO          277    i.BusFault_Handler  stm32f4xx_it.o
    0x080008dc   0x080008dc   0x00000004   Code   RO          629    i.CDC_Control_FS    usbd_cdc_if.o
    0x080008e0   0x080008e0   0x00000004   Code   RO          630    i.CDC_DeInit_FS     usbd_cdc_if.o
    0x080008e4   0x080008e4   0x00000024   Code   RO          631    i.CDC_Init_FS       usbd_cdc_if.o
    0x08000908   0x08000908   0x0000004c   Code   RO          632    i.CDC_Receive_FS    usbd_cdc_if.o
    0x08000954   0x08000954   0x0000000c   Code   RO          633    i.CDC_TransmitCplt_FS  usbd_cdc_if.o
    0x08000960   0x08000960   0x000000fc   Code   RO         5349    i.CheckButtonStatus  processdata.o
    0x08000a5c   0x08000a5c   0x00000020   Code   RO           13    i.CheckUartGetDataFlag  main.o
    0x08000a7c   0x08000a7c   0x00000020   Code   RO          635    i.CheckUsbGetDataFlag  usbd_cdc_if.o
    0x08000a9c   0x08000a9c   0x000000c0   Code   RO         5681    i.ComputerAdcValue  computer.o
    0x08000b5c   0x08000b5c   0x0000004c   Code   RO         5350    i.CopyInsFifoToAdcUserInsFifo  processdata.o
    0x08000ba8   0x08000ba8   0x0000000c   Code   RO          278    i.DMA1_Stream5_IRQHandler  stm32f4xx_it.o
    0x08000bb4   0x08000bb4   0x0000000c   Code   RO          279    i.DMA2_Stream2_IRQHandler  stm32f4xx_it.o
    0x08000bc0   0x08000bc0   0x0000000c   Code   RO          280    i.DMA2_Stream3_IRQHandler  stm32f4xx_it.o
    0x08000bcc   0x08000bcc   0x0000000c   Code   RO          281    i.DMA2_Stream6_IRQHandler  stm32f4xx_it.o
    0x08000bd8   0x08000bd8   0x0000000c   Code   RO          282    i.DMA2_Stream7_IRQHandler  stm32f4xx_it.o
    0x08000be4   0x08000be4   0x00000028   Code   RO         1956    i.DMA_CalcBaseAndBitshift  stm32f4xx_hal_dma.o
    0x08000c0c   0x08000c0c   0x00000054   Code   RO         1957    i.DMA_CheckFifoParam  stm32f4xx_hal_dma.o
    0x08000c60   0x08000c60   0x00000028   Code   RO         1958    i.DMA_SetConfig     stm32f4xx_hal_dma.o
    0x08000c88   0x08000c88   0x00000002   Code   RO          283    i.DebugMon_Handler  stm32f4xx_it.o
    0x08000c8a   0x08000c8a   0x00000002   PAD
    0x08000c8c   0x08000c8c   0x000000f0   Code   RO         5351    i.DecodeIns         processdata.o
    0x08000d7c   0x08000d7c   0x00000010   Code   RO         5487    i.Delay_us          public.o
    0x08000d8c   0x08000d8c   0x00000170   Code   RO         5353    i.Display_SendToDigitTube  processdata.o
    0x08000efc   0x08000efc   0x000000c8   Code   RO         5682    i.DynamicZeroUpdate  computer.o
    0x08000fc4   0x08000fc4   0x00000004   Code   RO           15    i.Error_Handler     main.o
    0x08000fc8   0x08000fc8   0x00000028   Code   RO         5683    i.FilterWeightValue  computer.o
    0x08000ff0   0x08000ff0   0x00000028   Code   RO         5354    i.GetCrcSpical      processdata.o
    0x08001018   0x08001018   0x00000092   Code   RO         1959    i.HAL_DMA_Abort     stm32f4xx_hal_dma.o
    0x080010aa   0x080010aa   0x00000024   Code   RO         1960    i.HAL_DMA_Abort_IT  stm32f4xx_hal_dma.o
    0x080010ce   0x080010ce   0x00000002   PAD
    0x080010d0   0x080010d0   0x000001a0   Code   RO         1964    i.HAL_DMA_IRQHandler  stm32f4xx_hal_dma.o
    0x08001270   0x08001270   0x000000d4   Code   RO         1965    i.HAL_DMA_Init      stm32f4xx_hal_dma.o
    0x08001344   0x08001344   0x0000006e   Code   RO         1969    i.HAL_DMA_Start_IT  stm32f4xx_hal_dma.o
    0x080013b2   0x080013b2   0x00000002   PAD
    0x080013b4   0x080013b4   0x00000024   Code   RO         2378    i.HAL_Delay         stm32f4xx_hal.o
    0x080013d8   0x080013d8   0x000001f0   Code   RO         1852    i.HAL_GPIO_Init     stm32f4xx_hal_gpio.o
    0x080015c8   0x080015c8   0x0000000a   Code   RO         1854    i.HAL_GPIO_ReadPin  stm32f4xx_hal_gpio.o
    0x080015d2   0x080015d2   0x0000000a   Code   RO         1856    i.HAL_GPIO_WritePin  stm32f4xx_hal_gpio.o
    0x080015dc   0x080015dc   0x0000000c   Code   RO         2384    i.HAL_GetTick       stm32f4xx_hal.o
    0x080015e8   0x080015e8   0x00000010   Code   RO         2390    i.HAL_IncTick       stm32f4xx_hal.o
    0x080015f8   0x080015f8   0x00000034   Code   RO         2391    i.HAL_Init          stm32f4xx_hal.o
    0x0800162c   0x0800162c   0x00000040   Code   RO         2392    i.HAL_InitTick      stm32f4xx_hal.o
    0x0800166c   0x0800166c   0x00000030   Code   RO          422    i.HAL_MspInit       stm32f4xx_hal_msp.o
    0x0800169c   0x0800169c   0x0000001a   Code   RO         2241    i.HAL_NVIC_EnableIRQ  stm32f4xx_hal_cortex.o
    0x080016b6   0x080016b6   0x00000002   PAD
    0x080016b8   0x080016b8   0x00000040   Code   RO         2247    i.HAL_NVIC_SetPriority  stm32f4xx_hal_cortex.o
    0x080016f8   0x080016f8   0x00000024   Code   RO         2248    i.HAL_NVIC_SetPriorityGrouping  stm32f4xx_hal_cortex.o
    0x0800171c   0x0800171c   0x00000002   Code   RO         1151    i.HAL_PCDEx_LPM_Callback  stm32f4xx_hal_pcd_ex.o
    0x0800171e   0x0800171e   0x00000008   Code   RO         1152    i.HAL_PCDEx_SetRxFiFo  stm32f4xx_hal_pcd_ex.o
    0x08001726   0x08001726   0x00000044   Code   RO         1153    i.HAL_PCDEx_SetTxFiFo  stm32f4xx_hal_pcd_ex.o
    0x0800176a   0x0800176a   0x00000008   Code   RO          705    i.HAL_PCD_ConnectCallback  usbd_conf.o
    0x08001772   0x08001772   0x00000012   Code   RO          706    i.HAL_PCD_DataInStageCallback  usbd_conf.o
    0x08001784   0x08001784   0x00000014   Code   RO          707    i.HAL_PCD_DataOutStageCallback  usbd_conf.o
    0x08001798   0x08001798   0x00000008   Code   RO          708    i.HAL_PCD_DisconnectCallback  usbd_conf.o
    0x080017a0   0x080017a0   0x0000001e   Code   RO          921    i.HAL_PCD_EP_Abort  stm32f4xx_hal_pcd.o
    0x080017be   0x080017be   0x0000004c   Code   RO          922    i.HAL_PCD_EP_Close  stm32f4xx_hal_pcd.o
    0x0800180a   0x0800180a   0x0000005c   Code   RO          923    i.HAL_PCD_EP_ClrStall  stm32f4xx_hal_pcd.o
    0x08001866   0x08001866   0x00000012   Code   RO          925    i.HAL_PCD_EP_GetRxCount  stm32f4xx_hal_pcd.o
    0x08001878   0x08001878   0x00000060   Code   RO          926    i.HAL_PCD_EP_Open   stm32f4xx_hal_pcd.o
    0x080018d8   0x080018d8   0x00000048   Code   RO          927    i.HAL_PCD_EP_Receive  stm32f4xx_hal_pcd.o
    0x08001920   0x08001920   0x00000074   Code   RO          928    i.HAL_PCD_EP_SetStall  stm32f4xx_hal_pcd.o
    0x08001994   0x08001994   0x00000040   Code   RO          929    i.HAL_PCD_EP_Transmit  stm32f4xx_hal_pcd.o
    0x080019d4   0x080019d4   0x00000560   Code   RO          931    i.HAL_PCD_IRQHandler  stm32f4xx_hal_pcd.o
    0x08001f34   0x08001f34   0x00000008   Code   RO          709    i.HAL_PCD_ISOINIncompleteCallback  usbd_conf.o
    0x08001f3c   0x08001f3c   0x00000008   Code   RO          710    i.HAL_PCD_ISOOUTIncompleteCallback  usbd_conf.o
    0x08001f44   0x08001f44   0x000000e2   Code   RO          934    i.HAL_PCD_Init      stm32f4xx_hal_pcd.o
    0x08002026   0x08002026   0x00000002   PAD
    0x08002028   0x08002028   0x00000084   Code   RO          712    i.HAL_PCD_MspInit   usbd_conf.o
    0x080020ac   0x080020ac   0x0000002c   Code   RO          713    i.HAL_PCD_ResetCallback  usbd_conf.o
    0x080020d8   0x080020d8   0x00000008   Code   RO          714    i.HAL_PCD_ResumeCallback  usbd_conf.o
    0x080020e0   0x080020e0   0x00000008   Code   RO          715    i.HAL_PCD_SOFCallback  usbd_conf.o
    0x080020e8   0x080020e8   0x00000028   Code   RO          940    i.HAL_PCD_SetAddress  stm32f4xx_hal_pcd.o
    0x08002110   0x08002110   0x0000000e   Code   RO          716    i.HAL_PCD_SetupStageCallback  usbd_conf.o
    0x0800211e   0x0800211e   0x00000042   Code   RO          943    i.HAL_PCD_Start     stm32f4xx_hal_pcd.o
    0x08002160   0x08002160   0x00000030   Code   RO          717    i.HAL_PCD_SuspendCallback  usbd_conf.o
    0x08002190   0x08002190   0x0000013c   Code   RO         1603    i.HAL_RCCEx_PeriphCLKConfig  stm32f4xx_hal_rcc_ex.o
    0x080022cc   0x080022cc   0x00000134   Code   RO         1498    i.HAL_RCC_ClockConfig  stm32f4xx_hal_rcc.o
    0x08002400   0x08002400   0x0000000c   Code   RO         1503    i.HAL_RCC_GetHCLKFreq  stm32f4xx_hal_rcc.o
    0x0800240c   0x0800240c   0x00000020   Code   RO         1505    i.HAL_RCC_GetPCLK1Freq  stm32f4xx_hal_rcc.o
    0x0800242c   0x0800242c   0x00000020   Code   RO         1506    i.HAL_RCC_GetPCLK2Freq  stm32f4xx_hal_rcc.o
    0x0800244c   0x0800244c   0x00000060   Code   RO         1507    i.HAL_RCC_GetSysClockFreq  stm32f4xx_hal_rcc.o
    0x080024ac   0x080024ac   0x0000036c   Code   RO         1510    i.HAL_RCC_OscConfig  stm32f4xx_hal_rcc.o
    0x08002818   0x08002818   0x0000008c   Code   RO         2642    i.HAL_RTC_Init      stm32f4xx_hal_rtc.o
    0x080028a4   0x080028a4   0x00000038   Code   RO          424    i.HAL_RTC_MspInit   stm32f4xx_hal_msp.o
    0x080028dc   0x080028dc   0x00000098   Code   RO         2648    i.HAL_RTC_SetDate   stm32f4xx_hal_rtc.o
    0x08002974   0x08002974   0x000000c0   Code   RO         2649    i.HAL_RTC_SetTime   stm32f4xx_hal_rtc.o
    0x08002a34   0x08002a34   0x00000036   Code   RO         2650    i.HAL_RTC_WaitForSynchro  stm32f4xx_hal_rtc.o
    0x08002a6a   0x08002a6a   0x00000002   Code   RO         3317    i.HAL_SD_AbortCallback  stm32f4xx_hal_sd.o
    0x08002a6c   0x08002a6c   0x00000002   Code   RO         3322    i.HAL_SD_ErrorCallback  stm32f4xx_hal_sd.o
    0x08002a6e   0x08002a6e   0x00000002   PAD
    0x08002a70   0x08002a70   0x00000198   Code   RO         3324    i.HAL_SD_GetCardCSD  stm32f4xx_hal_sd.o
    0x08002c08   0x08002c08   0x0000002c   Code   RO         3326    i.HAL_SD_GetCardState  stm32f4xx_hal_sd.o
    0x08002c34   0x08002c34   0x00000208   Code   RO         3330    i.HAL_SD_IRQHandler  stm32f4xx_hal_sd.o
    0x08002e3c   0x08002e3c   0x00000036   Code   RO         3331    i.HAL_SD_Init       stm32f4xx_hal_sd.o
    0x08002e72   0x08002e72   0x00000002   PAD
    0x08002e74   0x08002e74   0x0000007c   Code   RO         3332    i.HAL_SD_InitCard   stm32f4xx_hal_sd.o
    0x08002ef0   0x08002ef0   0x00000148   Code   RO          426    i.HAL_SD_MspInit    stm32f4xx_hal_msp.o
    0x08003038   0x08003038   0x00000002   Code   RO         3338    i.HAL_SD_RxCpltCallback  stm32f4xx_hal_sd.o
    0x0800303a   0x0800303a   0x00000002   Code   RO         3339    i.HAL_SD_TxCpltCallback  stm32f4xx_hal_sd.o
    0x0800303c   0x0800303c   0x00000028   Code   RO         2252    i.HAL_SYSTICK_Config  stm32f4xx_hal_cortex.o
    0x08003064   0x08003064   0x00000002   Code   RO         4265    i.HAL_TIMEx_BreakCallback  stm32f4xx_hal_tim_ex.o
    0x08003066   0x08003066   0x00000002   Code   RO         4266    i.HAL_TIMEx_CommutCallback  stm32f4xx_hal_tim_ex.o
    0x08003068   0x08003068   0x00000090   Code   RO         4284    i.HAL_TIMEx_MasterConfigSynchronization  stm32f4xx_hal_tim_ex.o
    0x080030f8   0x080030f8   0x0000005a   Code   RO         3561    i.HAL_TIM_Base_Init  stm32f4xx_hal_tim.o
    0x08003152   0x08003152   0x00000002   PAD
    0x08003154   0x08003154   0x0000003c   Code   RO          428    i.HAL_TIM_Base_MspInit  stm32f4xx_hal_msp.o
    0x08003190   0x08003190   0x00000080   Code   RO         3566    i.HAL_TIM_Base_Start_IT  stm32f4xx_hal_tim.o
    0x08003210   0x08003210   0x000000dc   Code   RO         3570    i.HAL_TIM_ConfigClockSource  stm32f4xx_hal_tim.o
    0x080032ec   0x080032ec   0x00000002   Code   RO         3595    i.HAL_TIM_IC_CaptureCallback  stm32f4xx_hal_tim.o
    0x080032ee   0x080032ee   0x00000166   Code   RO         3609    i.HAL_TIM_IRQHandler  stm32f4xx_hal_tim.o
    0x08003454   0x08003454   0x00000002   Code   RO         3612    i.HAL_TIM_OC_DelayElapsedCallback  stm32f4xx_hal_tim.o
    0x08003456   0x08003456   0x00000002   Code   RO         3639    i.HAL_TIM_PWM_PulseFinishedCallback  stm32f4xx_hal_tim.o
    0x08003458   0x08003458   0x00000002   Code   RO         3647    i.HAL_TIM_PeriodElapsedCallback  stm32f4xx_hal_tim.o
    0x0800345a   0x0800345a   0x00000002   Code   RO         3652    i.HAL_TIM_TriggerCallback  stm32f4xx_hal_tim.o
    0x0800345c   0x0800345c   0x00000002   Code   RO         4543    i.HAL_UARTEx_RxEventCallback  stm32f4xx_hal_uart.o
    0x0800345e   0x0800345e   0x00000070   Code   RO         4555    i.HAL_UART_DMAStop  stm32f4xx_hal_uart.o
    0x080034ce   0x080034ce   0x00000002   Code   RO         4557    i.HAL_UART_ErrorCallback  stm32f4xx_hal_uart.o
    0x080034d0   0x080034d0   0x0000000a   Code   RO         4559    i.HAL_UART_GetState  stm32f4xx_hal_uart.o
    0x080034da   0x080034da   0x00000002   PAD
    0x080034dc   0x080034dc   0x00000268   Code   RO         4560    i.HAL_UART_IRQHandler  stm32f4xx_hal_uart.o
    0x08003744   0x08003744   0x00000062   Code   RO         4561    i.HAL_UART_Init     stm32f4xx_hal_uart.o
    0x080037a6   0x080037a6   0x00000002   PAD
    0x080037a8   0x080037a8   0x000001d4   Code   RO          430    i.HAL_UART_MspInit  stm32f4xx_hal_msp.o
    0x0800397c   0x0800397c   0x0000002a   Code   RO         4565    i.HAL_UART_Receive_DMA  stm32f4xx_hal_uart.o
    0x080039a6   0x080039a6   0x00000002   Code   RO         4567    i.HAL_UART_RxCpltCallback  stm32f4xx_hal_uart.o
    0x080039a8   0x080039a8   0x00000002   Code   RO         4568    i.HAL_UART_RxHalfCpltCallback  stm32f4xx_hal_uart.o
    0x080039aa   0x080039aa   0x0000003e   Code   RO         4571    i.HAL_UART_Transmit_IT  stm32f4xx_hal_uart.o
    0x080039e8   0x080039e8   0x00000002   Code   RO         4572    i.HAL_UART_TxCpltCallback  stm32f4xx_hal_uart.o
    0x080039ea   0x080039ea   0x00000002   Code   RO          284    i.HardFault_Handler  stm32f4xx_it.o
    0x080039ec   0x080039ec   0x00000038   Code   RO          543    i.IntToUnicode      usbd_desc.o
    0x08003a24   0x08003a24   0x0000007c   Code   RO           16    i.MX_DMA_Init       main.o
    0x08003aa0   0x08003aa0   0x000000d4   Code   RO           17    i.MX_GPIO_Init      main.o
    0x08003b74   0x08003b74   0x00000084   Code   RO           18    i.MX_RTC_Init       main.o
    0x08003bf8   0x08003bf8   0x0000006c   Code   RO           19    i.MX_TIM1_Init      main.o
    0x08003c64   0x08003c64   0x00000054   Code   RO          495    i.MX_USB_DEVICE_Init  usb_device.o
    0x08003cb8   0x08003cb8   0x00000002   Code   RO          285    i.MemManage_Handler  stm32f4xx_it.o
    0x08003cba   0x08003cba   0x00000002   Code   RO          286    i.NMI_Handler       stm32f4xx_it.o
    0x08003cbc   0x08003cbc   0x0000000c   Code   RO          287    i.OTG_FS_IRQHandler  stm32f4xx_it.o
    0x08003cc8   0x08003cc8   0x00000054   Code   RO         5356    i.OnGetCommUartData  processdata.o
    0x08003d1c   0x08003d1c   0x00000002   Code   RO         5357    i.OnGetDebugUartData  processdata.o
    0x08003d1e   0x08003d1e   0x00000002   PAD
    0x08003d20   0x08003d20   0x00000044   Code   RO           20    i.On_USART1_IRQHandler  main.o
    0x08003d64   0x08003d64   0x00000058   Code   RO           21    i.On_USART2_IRQHandler  main.o
    0x08003dbc   0x08003dbc   0x000000cc   Code   RO          947    i.PCD_EP_OutXfrComplete_int  stm32f4xx_hal_pcd.o
    0x08003e88   0x08003e88   0x000000a2   Code   RO          948    i.PCD_WriteEmptyTxFifo  stm32f4xx_hal_pcd.o
    0x08003f2a   0x08003f2a   0x00000002   Code   RO          288    i.PendSV_Handler    stm32f4xx_it.o
    0x08003f2c   0x08003f2c   0x000000b4   Code   RO         5358    i.PushInsData       processdata.o
    0x08003fe0   0x08003fe0   0x00000018   Code   RO         2652    i.RTC_ByteToBcd2    stm32f4xx_hal_rtc.o
    0x08003ff8   0x08003ff8   0x00000048   Code   RO         2653    i.RTC_EnterInitMode  stm32f4xx_hal_rtc.o
    0x08004040   0x08004040   0x0000002a   Code   RO         2654    i.RTC_ExitInitMode  stm32f4xx_hal_rtc.o
    0x0800406a   0x0800406a   0x00000002   PAD
    0x0800406c   0x0800406c   0x000000c0   Code   RO         5360    i.ReadAdc           processdata.o
    0x0800412c   0x0800412c   0x00000008   Code   RO         3034    i.SDIO_GetPowerState  stm32f4xx_ll_sdmmc.o
    0x08004134   0x08004134   0x00000006   Code   RO         3035    i.SDIO_GetResponse  stm32f4xx_ll_sdmmc.o
    0x0800413a   0x0800413a   0x00000002   PAD
    0x0800413c   0x0800413c   0x0000000c   Code   RO          289    i.SDIO_IRQHandler   stm32f4xx_it.o
    0x08004148   0x08004148   0x00000024   Code   RO         3036    i.SDIO_Init         stm32f4xx_ll_sdmmc.o
    0x0800416c   0x0800416c   0x00000008   Code   RO         3038    i.SDIO_PowerState_ON  stm32f4xx_ll_sdmmc.o
    0x08004174   0x08004174   0x00000006   Code   RO         3039    i.SDIO_ReadFIFO     stm32f4xx_ll_sdmmc.o
    0x0800417a   0x0800417a   0x00000020   Code   RO         3040    i.SDIO_SendCommand  stm32f4xx_ll_sdmmc.o
    0x0800419a   0x0800419a   0x0000000a   Code   RO         3042    i.SDIO_WriteFIFO    stm32f4xx_ll_sdmmc.o
    0x080041a4   0x080041a4   0x00000032   Code   RO         3043    i.SDMMC_CmdAppCommand  stm32f4xx_ll_sdmmc.o
    0x080041d6   0x080041d6   0x00000002   PAD
    0x080041d8   0x080041d8   0x00000034   Code   RO         3044    i.SDMMC_CmdAppOperCommand  stm32f4xx_ll_sdmmc.o
    0x0800420c   0x0800420c   0x00000032   Code   RO         3045    i.SDMMC_CmdBlockLength  stm32f4xx_ll_sdmmc.o
    0x0800423e   0x0800423e   0x00000002   PAD
    0x08004240   0x08004240   0x00000050   Code   RO         3050    i.SDMMC_CmdGoIdleState  stm32f4xx_ll_sdmmc.o
    0x08004290   0x08004290   0x00000030   Code   RO         3052    i.SDMMC_CmdOperCond  stm32f4xx_ll_sdmmc.o
    0x080042c0   0x080042c0   0x00000032   Code   RO         3057    i.SDMMC_CmdSelDesel  stm32f4xx_ll_sdmmc.o
    0x080042f2   0x080042f2   0x0000002c   Code   RO         3058    i.SDMMC_CmdSendCID  stm32f4xx_ll_sdmmc.o
    0x0800431e   0x0800431e   0x0000002c   Code   RO         3059    i.SDMMC_CmdSendCSD  stm32f4xx_ll_sdmmc.o
    0x0800434a   0x0800434a   0x00000032   Code   RO         3062    i.SDMMC_CmdSendStatus  stm32f4xx_ll_sdmmc.o
    0x0800437c   0x0800437c   0x00000030   Code   RO         3063    i.SDMMC_CmdSetRelAdd  stm32f4xx_ll_sdmmc.o
    0x080043ac   0x080043ac   0x00000034   Code   RO         3066    i.SDMMC_CmdStopTransfer  stm32f4xx_ll_sdmmc.o
    0x080043e0   0x080043e0   0x00000120   Code   RO         3070    i.SDMMC_GetCmdResp1  stm32f4xx_ll_sdmmc.o
    0x08004500   0x08004500   0x00000050   Code   RO         3071    i.SDMMC_GetCmdResp2  stm32f4xx_ll_sdmmc.o
    0x08004550   0x08004550   0x00000044   Code   RO         3072    i.SDMMC_GetCmdResp3  stm32f4xx_ll_sdmmc.o
    0x08004594   0x08004594   0x00000088   Code   RO         3073    i.SDMMC_GetCmdResp6  stm32f4xx_ll_sdmmc.o
    0x0800461c   0x0800461c   0x00000058   Code   RO         3074    i.SDMMC_GetCmdResp7  stm32f4xx_ll_sdmmc.o
    0x08004674   0x08004674   0x00000044   Code   RO         3345    i.SD_DMARxAbort     stm32f4xx_hal_sd.o
    0x080046b8   0x080046b8   0x00000044   Code   RO         3347    i.SD_DMATxAbort     stm32f4xx_hal_sd.o
    0x080046fc   0x080046fc   0x000000ee   Code   RO         3349    i.SD_InitCard       stm32f4xx_hal_sd.o
    0x080047ea   0x080047ea   0x00000002   PAD
    0x080047ec   0x080047ec   0x000000b4   Code   RO         3350    i.SD_PowerON        stm32f4xx_hal_sd.o
    0x080048a0   0x080048a0   0x00000010   Code   RO         5832    i.SEND_TASK         send.o
    0x080048b0   0x080048b0   0x00000002   Code   RO          290    i.SVC_Handler       stm32f4xx_it.o
    0x080048b2   0x080048b2   0x0000000a   Code   RO         5086    i.SWAPBYTE          usbd_ctlreq.o
    0x080048bc   0x080048bc   0x00000018   Code   RO         5864    i.ScaleModelRunner_Init  scalemodelrunner.o
    0x080048d4   0x080048d4   0x00000124   Code   RO         5865    i.ScaleModelRunner_Step  scalemodelrunner.o
    0x080049f8   0x080049f8   0x00000020   Code   RO         5686    i.SetWeightToAdcValue  computer.o
    0x08004a18   0x08004a18   0x00000044   Code   RO         5687    i.StartMeasure      computer.o
    0x08004a5c   0x08004a5c   0x00000004   Code   RO          291    i.SysTick_Handler   stm32f4xx_it.o
    0x08004a60   0x08004a60   0x0000009c   Code   RO           22    i.SystemClock_Config  main.o
    0x08004afc   0x08004afc   0x00000010   Code   RO         4890    i.SystemInit        system_stm32f4xx.o
    0x08004b0c   0x08004b0c   0x00000028   Code   RO          292    i.TIM1_UP_TIM10_IRQHandler  stm32f4xx_it.o
    0x08004b34   0x08004b34   0x000000c8   Code   RO         3654    i.TIM_Base_SetConfig  stm32f4xx_hal_tim.o
    0x08004bfc   0x08004bfc   0x00000034   Code   RO         5784    i.TIM_COMPUTER      myrtc.o
    0x08004c30   0x08004c30   0x00000014   Code   RO         3665    i.TIM_ETR_SetConfig  stm32f4xx_hal_tim.o
    0x08004c44   0x08004c44   0x00000018   Code   RO         5785    i.TIM_GET_TASK_MS   myrtc.o
    0x08004c5c   0x08004c5c   0x00000010   Code   RO         3666    i.TIM_ITRx_SetConfig  stm32f4xx_hal_tim.o
    0x08004c6c   0x08004c6c   0x00000008   Code   RO         5786    i.TIM_MS_COMPUTER   myrtc.o
    0x08004c74   0x08004c74   0x00000022   Code   RO         3672    i.TIM_TI1_ConfigInputStage  stm32f4xx_hal_tim.o
    0x08004c96   0x08004c96   0x00000024   Code   RO         3674    i.TIM_TI2_ConfigInputStage  stm32f4xx_hal_tim.o
    0x08004cba   0x08004cba   0x00000010   Code   RO         4574    i.UART_DMAAbortOnError  stm32f4xx_hal_uart.o
    0x08004cca   0x08004cca   0x0000004a   Code   RO         4575    i.UART_DMAError     stm32f4xx_hal_uart.o
    0x08004d14   0x08004d14   0x00000082   Code   RO         4576    i.UART_DMAReceiveCplt  stm32f4xx_hal_uart.o
    0x08004d96   0x08004d96   0x0000001a   Code   RO         4578    i.UART_DMARxHalfCplt  stm32f4xx_hal_uart.o
    0x08004db0   0x08004db0   0x0000004e   Code   RO         4584    i.UART_EndRxTransfer  stm32f4xx_hal_uart.o
    0x08004dfe   0x08004dfe   0x0000001c   Code   RO         4585    i.UART_EndTxTransfer  stm32f4xx_hal_uart.o
    0x08004e1a   0x08004e1a   0x000000c0   Code   RO         4586    i.UART_Receive_IT   stm32f4xx_hal_uart.o
    0x08004eda   0x08004eda   0x00000002   PAD
    0x08004edc   0x08004edc   0x0000010c   Code   RO         4587    i.UART_SetConfig    stm32f4xx_hal_uart.o
    0x08004fe8   0x08004fe8   0x00000094   Code   RO         4588    i.UART_Start_Receive_DMA  stm32f4xx_hal_uart.o
    0x0800507c   0x0800507c   0x00000014   Code   RO          293    i.USART1_IRQHandler  stm32f4xx_it.o
    0x08005090   0x08005090   0x00000014   Code   RO          294    i.USART2_IRQHandler  stm32f4xx_it.o
    0x080050a4   0x080050a4   0x0000000c   Code   RO          295    i.USART3_IRQHandler  stm32f4xx_it.o
    0x080050b0   0x080050b0   0x00000076   Code   RO         5219    i.USBD_CDC_DataIn   usbd_cdc.o
    0x08005126   0x08005126   0x0000003c   Code   RO         5220    i.USBD_CDC_DataOut  usbd_cdc.o
    0x08005162   0x08005162   0x00000002   PAD
    0x08005164   0x08005164   0x00000090   Code   RO         5221    i.USBD_CDC_DeInit   usbd_cdc.o
    0x080051f4   0x080051f4   0x00000036   Code   RO         5222    i.USBD_CDC_EP0_RxReady  usbd_cdc.o
    0x0800522a   0x0800522a   0x00000002   PAD
    0x0800522c   0x0800522c   0x0000000c   Code   RO         5223    i.USBD_CDC_GetDeviceQualifierDescriptor  usbd_cdc.o
    0x08005238   0x08005238   0x0000003c   Code   RO         5224    i.USBD_CDC_GetFSCfgDesc  usbd_cdc.o
    0x08005274   0x08005274   0x00000040   Code   RO         5225    i.USBD_CDC_GetHSCfgDesc  usbd_cdc.o
    0x080052b4   0x080052b4   0x0000003c   Code   RO         5226    i.USBD_CDC_GetOtherSpeedCfgDesc  usbd_cdc.o
    0x080052f0   0x080052f0   0x00000118   Code   RO         5227    i.USBD_CDC_Init     usbd_cdc.o
    0x08005408   0x08005408   0x00000038   Code   RO         5228    i.USBD_CDC_ReceivePacket  usbd_cdc.o
    0x08005440   0x08005440   0x00000016   Code   RO         5229    i.USBD_CDC_RegisterInterface  usbd_cdc.o
    0x08005456   0x08005456   0x0000001a   Code   RO         5230    i.USBD_CDC_SetRxBuffer  usbd_cdc.o
    0x08005470   0x08005470   0x0000001e   Code   RO         5231    i.USBD_CDC_SetTxBuffer  usbd_cdc.o
    0x0800548e   0x0800548e   0x000000d4   Code   RO         5232    i.USBD_CDC_Setup    usbd_cdc.o
    0x08005562   0x08005562   0x00000002   PAD
    0x08005564   0x08005564   0x00000050   Code   RO         5233    i.USBD_CDC_TransmitPacket  usbd_cdc.o
    0x080055b4   0x080055b4   0x00000014   Code   RO         4927    i.USBD_ClrClassConfig  usbd_core.o
    0x080055c8   0x080055c8   0x00000004   Code   RO         4928    i.USBD_CoreFindEP   usbd_core.o
    0x080055cc   0x080055cc   0x00000004   Code   RO         4929    i.USBD_CoreFindIF   usbd_core.o
    0x080055d0   0x080055d0   0x00000010   Code   RO         5159    i.USBD_CtlContinueRx  usbd_ioreq.o
    0x080055e0   0x080055e0   0x00000010   Code   RO         5160    i.USBD_CtlContinueSendData  usbd_ioreq.o
    0x080055f0   0x080055f0   0x00000016   Code   RO         5087    i.USBD_CtlError     usbd_ctlreq.o
    0x08005606   0x08005606   0x0000001e   Code   RO         5161    i.USBD_CtlPrepareRx  usbd_ioreq.o
    0x08005624   0x08005624   0x00000016   Code   RO         5162    i.USBD_CtlReceiveStatus  usbd_ioreq.o
    0x0800563a   0x0800563a   0x0000001a   Code   RO         5163    i.USBD_CtlSendData  usbd_ioreq.o
    0x08005654   0x08005654   0x00000016   Code   RO         5164    i.USBD_CtlSendStatus  usbd_ioreq.o
    0x0800566a   0x0800566a   0x00000002   PAD
    0x0800566c   0x0800566c   0x00000020   Code   RO          544    i.USBD_FS_ConfigStrDescriptor  usbd_desc.o
    0x0800568c   0x0800568c   0x0000000c   Code   RO          545    i.USBD_FS_DeviceDescriptor  usbd_desc.o
    0x08005698   0x08005698   0x00000024   Code   RO          546    i.USBD_FS_InterfaceStrDescriptor  usbd_desc.o
    0x080056bc   0x080056bc   0x0000000c   Code   RO          547    i.USBD_FS_LangIDStrDescriptor  usbd_desc.o
    0x080056c8   0x080056c8   0x00000028   Code   RO          548    i.USBD_FS_ManufacturerStrDescriptor  usbd_desc.o
    0x080056f0   0x080056f0   0x0000002c   Code   RO          549    i.USBD_FS_ProductStrDescriptor  usbd_desc.o
    0x0800571c   0x0800571c   0x00000038   Code   RO          550    i.USBD_FS_SerialStrDescriptor  usbd_desc.o
    0x08005754   0x08005754   0x000000e6   Code   RO         5088    i.USBD_GetDescriptor  usbd_ctlreq.o
    0x0800583a   0x0800583a   0x0000003a   Code   RO         4931    i.USBD_GetEpDesc    usbd_core.o
    0x08005874   0x08005874   0x0000000e   Code   RO         4932    i.USBD_GetNextDesc  usbd_core.o
    0x08005882   0x08005882   0x00000048   Code   RO         5089    i.USBD_GetString    usbd_ctlreq.o
    0x080058ca   0x080058ca   0x00000018   Code   RO          718    i.USBD_Get_USB_Status  usbd_conf.o
    0x080058e2   0x080058e2   0x00000026   Code   RO         4933    i.USBD_Init         usbd_core.o
    0x08005908   0x08005908   0x00000012   Code   RO          719    i.USBD_LL_ClearStallEP  usbd_conf.o
    0x0800591a   0x0800591a   0x00000012   Code   RO          720    i.USBD_LL_CloseEP   usbd_conf.o
    0x0800592c   0x0800592c   0x000000b6   Code   RO         4934    i.USBD_LL_DataInStage  usbd_core.o
    0x080059e2   0x080059e2   0x0000008e   Code   RO         4935    i.USBD_LL_DataOutStage  usbd_core.o
    0x08005a70   0x08005a70   0x00000004   Code   RO         4936    i.USBD_LL_DevConnected  usbd_core.o
    0x08005a74   0x08005a74   0x0000001e   Code   RO         4937    i.USBD_LL_DevDisconnected  usbd_core.o
    0x08005a92   0x08005a92   0x00000008   Code   RO          724    i.USBD_LL_GetRxDataSize  usbd_conf.o
    0x08005a9a   0x08005a9a   0x00000002   PAD
    0x08005a9c   0x08005a9c   0x00000060   Code   RO          725    i.USBD_LL_Init      usbd_conf.o
    0x08005afc   0x08005afc   0x00000020   Code   RO          726    i.USBD_LL_IsStallEP  usbd_conf.o
    0x08005b1c   0x08005b1c   0x00000028   Code   RO         4938    i.USBD_LL_IsoINIncomplete  usbd_core.o
    0x08005b44   0x08005b44   0x00000028   Code   RO         4939    i.USBD_LL_IsoOUTIncomplete  usbd_core.o
    0x08005b6c   0x08005b6c   0x00000018   Code   RO          727    i.USBD_LL_OpenEP    usbd_conf.o
    0x08005b84   0x08005b84   0x00000012   Code   RO          728    i.USBD_LL_PrepareReceive  usbd_conf.o
    0x08005b96   0x08005b96   0x0000005c   Code   RO         4940    i.USBD_LL_Reset     usbd_core.o
    0x08005bf2   0x08005bf2   0x00000014   Code   RO         4941    i.USBD_LL_Resume    usbd_core.o
    0x08005c06   0x08005c06   0x0000001a   Code   RO         4942    i.USBD_LL_SOF       usbd_core.o
    0x08005c20   0x08005c20   0x00000006   Code   RO         4943    i.USBD_LL_SetSpeed  usbd_core.o
    0x08005c26   0x08005c26   0x00000012   Code   RO          729    i.USBD_LL_SetUSBAddress  usbd_conf.o
    0x08005c38   0x08005c38   0x00000060   Code   RO         4944    i.USBD_LL_SetupStage  usbd_core.o
    0x08005c98   0x08005c98   0x00000012   Code   RO          730    i.USBD_LL_StallEP   usbd_conf.o
    0x08005caa   0x08005caa   0x00000012   Code   RO          731    i.USBD_LL_Start     usbd_conf.o
    0x08005cbc   0x08005cbc   0x00000012   Code   RO         4945    i.USBD_LL_Suspend   usbd_core.o
    0x08005cce   0x08005cce   0x00000012   Code   RO          733    i.USBD_LL_Transmit  usbd_conf.o
    0x08005ce0   0x08005ce0   0x0000002c   Code   RO         5090    i.USBD_ParseSetupRequest  usbd_ctlreq.o
    0x08005d0c   0x08005d0c   0x0000003a   Code   RO         4946    i.USBD_RegisterClass  usbd_core.o
    0x08005d46   0x08005d46   0x00000014   Code   RO         4948    i.USBD_SetClassConfig  usbd_core.o
    0x08005d5a   0x08005d5a   0x00000002   PAD
    0x08005d5c   0x08005d5c   0x000000b8   Code   RO         5091    i.USBD_SetConfig    usbd_ctlreq.o
    0x08005e14   0x08005e14   0x00000004   Code   RO         4949    i.USBD_Start        usbd_core.o
    0x08005e18   0x08005e18   0x0000012c   Code   RO         5092    i.USBD_StdDevReq    usbd_ctlreq.o
    0x08005f44   0x08005f44   0x00000160   Code   RO         5093    i.USBD_StdEPReq     usbd_ctlreq.o
    0x080060a4   0x080060a4   0x00000072   Code   RO         5094    i.USBD_StdItfReq    usbd_ctlreq.o
    0x08006116   0x08006116   0x00000002   Code   RO          734    i.USBD_static_free  usbd_conf.o
    0x08006118   0x08006118   0x00000008   Code   RO          735    i.USBD_static_malloc  usbd_conf.o
    0x08006120   0x08006120   0x00000080   Code   RO         1193    i.USB_ActivateEndpoint  stm32f4xx_ll_usb.o
    0x080061a0   0x080061a0   0x0000001c   Code   RO         1195    i.USB_ActivateSetup  stm32f4xx_ll_usb.o
    0x080061bc   0x080061bc   0x00000074   Code   RO         1197    i.USB_CoreInit      stm32f4xx_ll_usb.o
    0x08006230   0x08006230   0x00000040   Code   RO         1198    i.USB_CoreReset     stm32f4xx_ll_usb.o
    0x08006270   0x08006270   0x000000cc   Code   RO         1201    i.USB_DeactivateEndpoint  stm32f4xx_ll_usb.o
    0x0800633c   0x0800633c   0x0000001c   Code   RO         1202    i.USB_DevConnect    stm32f4xx_ll_usb.o
    0x08006358   0x08006358   0x0000001c   Code   RO         1203    i.USB_DevDisconnect  stm32f4xx_ll_usb.o
    0x08006374   0x08006374   0x00000174   Code   RO         1204    i.USB_DevInit       stm32f4xx_ll_usb.o
    0x080064e8   0x080064e8   0x0000000c   Code   RO         1205    i.USB_DisableGlobalInt  stm32f4xx_ll_usb.o
    0x080064f4   0x080064f4   0x0000011c   Code   RO         1208    i.USB_EP0StartXfer  stm32f4xx_ll_usb.o
    0x08006610   0x08006610   0x00000058   Code   RO         1209    i.USB_EP0_OutStart  stm32f4xx_ll_usb.o
    0x08006668   0x08006668   0x00000058   Code   RO         1210    i.USB_EPClearStall  stm32f4xx_ll_usb.o
    0x080066c0   0x080066c0   0x00000058   Code   RO         1211    i.USB_EPSetStall    stm32f4xx_ll_usb.o
    0x08006718   0x08006718   0x000001e4   Code   RO         1212    i.USB_EPStartXfer   stm32f4xx_ll_usb.o
    0x080068fc   0x080068fc   0x0000009e   Code   RO         1213    i.USB_EPStopXfer    stm32f4xx_ll_usb.o
    0x0800699a   0x0800699a   0x0000000c   Code   RO         1214    i.USB_EnableGlobalInt  stm32f4xx_ll_usb.o
    0x080069a6   0x080069a6   0x00000002   PAD
    0x080069a8   0x080069a8   0x0000003c   Code   RO         1215    i.USB_FlushRxFifo   stm32f4xx_ll_usb.o
    0x080069e4   0x080069e4   0x00000040   Code   RO         1216    i.USB_FlushTxFifo   stm32f4xx_ll_usb.o
    0x08006a24   0x08006a24   0x0000001a   Code   RO         1218    i.USB_GetDevSpeed   stm32f4xx_ll_usb.o
    0x08006a3e   0x08006a3e   0x00000008   Code   RO         1220    i.USB_GetMode       stm32f4xx_ll_usb.o
    0x08006a46   0x08006a46   0x00000002   PAD
    0x08006a48   0x08006a48   0x0000007c   Code   RO          636    i.USB_Process_TxBuffer  usbd_cdc_if.o
    0x08006ac4   0x08006ac4   0x0000000e   Code   RO         1227    i.USB_ReadDevAllInEpInterrupt  stm32f4xx_ll_usb.o
    0x08006ad2   0x08006ad2   0x0000000e   Code   RO         1228    i.USB_ReadDevAllOutEpInterrupt  stm32f4xx_ll_usb.o
    0x08006ae0   0x08006ae0   0x00000024   Code   RO         1229    i.USB_ReadDevInEPInterrupt  stm32f4xx_ll_usb.o
    0x08006b04   0x08006b04   0x00000010   Code   RO         1230    i.USB_ReadDevOutEPInterrupt  stm32f4xx_ll_usb.o
    0x08006b14   0x08006b14   0x00000008   Code   RO         1231    i.USB_ReadInterrupts  stm32f4xx_ll_usb.o
    0x08006b1c   0x08006b1c   0x0000003e   Code   RO         1232    i.USB_ReadPacket    stm32f4xx_ll_usb.o
    0x08006b5a   0x08006b5a   0x0000005c   Code   RO         1234    i.USB_SetCurrentMode  stm32f4xx_ll_usb.o
    0x08006bb6   0x08006bb6   0x00000022   Code   RO         1235    i.USB_SetDevAddress  stm32f4xx_ll_usb.o
    0x08006bd8   0x08006bd8   0x000000e8   Code   RO         1237    i.USB_SetTurnaroundTime  stm32f4xx_ll_usb.o
    0x08006cc0   0x08006cc0   0x0000002c   Code   RO          637    i.USB_Transmit_Char  usbd_cdc_if.o
    0x08006cec   0x08006cec   0x00000028   Code   RO         1240    i.USB_WritePacket   stm32f4xx_ll_usb.o
    0x08006d14   0x08006d14   0x00000002   Code   RO          296    i.UsageFault_Handler  stm32f4xx_it.o
    0x08006d16   0x08006d16   0x00000002   PAD
    0x08006d18   0x08006d18   0x00000054   Code   RO         5688    i.ZeroVerify        computer.o
    0x08006d6c   0x08006d6c   0x00000020   Code   RO         6258    i.__0printf         mc_w.l(printfa.o)
    0x08006d8c   0x08006d8c   0x00000026   Code   RO         6348    i.__ARM_fpclassifyf  m_wm.l(fpclassifyf.o)
    0x08006db2   0x08006db2   0x00000020   Code   RO         2254    i.__NVIC_SetPriority  stm32f4xx_hal_cortex.o
    0x08006dd2   0x08006dd2   0x00000002   PAD
    0x08006dd4   0x08006dd4   0x000001e8   Code   RO         6332    i.__hardfp_expf     m_wm.l(expf.o)
    0x08006fbc   0x08006fbc   0x00000014   Code   RO         5982    i.__hardfp_fabs     m_wm.l(fabs.o)
    0x08006fd0   0x08006fd0   0x0000003a   Code   RO         5988    i.__hardfp_sqrtf    m_wm.l(sqrtf.o)
    0x0800700a   0x0800700a   0x00000002   PAD
    0x0800700c   0x0800700c   0x000000e4   Code   RO         6000    i.__hardfp_tanhf    m_wm.l(tanhf.o)
    0x080070f0   0x080070f0   0x00000006   Code   RO         6351    i.__mathlib_flt_infnan  m_wm.l(funder.o)
    0x080070f6   0x080070f6   0x00000002   PAD
    0x080070f8   0x080070f8   0x00000010   Code   RO         6354    i.__mathlib_flt_overflow  m_wm.l(funder.o)
    0x08007108   0x08007108   0x00000010   Code   RO         6356    i.__mathlib_flt_underflow  m_wm.l(funder.o)
    0x08007118   0x08007118   0x0000000e   Code   RO         6428    i.__scatterload_copy  mc_w.l(handlers.o)
    0x08007126   0x08007126   0x00000002   Code   RO         6429    i.__scatterload_null  mc_w.l(handlers.o)
    0x08007128   0x08007128   0x0000000e   Code   RO         6430    i.__scatterload_zeroinit  mc_w.l(handlers.o)
    0x08007136   0x08007136   0x00000002   PAD
    0x08007138   0x08007138   0x0000000c   Code   RO         6406    i.__set_errno       mc_w.l(errno.o)
    0x08007144   0x08007144   0x000000a8   Code   RO         5896    i._baseline_update  scale_model_fp32.o
    0x080071ec   0x080071ec   0x00000184   Code   RO         6265    i._fp_digits        mc_w.l(printfa.o)
    0x08007370   0x08007370   0x0000010c   Code   RO         5897    i._mlp_forward      scale_model_fp32.o
    0x0800747c   0x0800747c   0x00000088   Code   RO         5898    i._model_forward    scale_model_fp32.o
    0x08007504   0x08007504   0x00000010   Code   RO         5899    i._norm3            scale_model_fp32.o
    0x08007514   0x08007514   0x000006b4   Code   RO         6266    i._printf_core      mc_w.l(printfa.o)
    0x08007bc8   0x08007bc8   0x00000024   Code   RO         6267    i._printf_post_padding  mc_w.l(printfa.o)
    0x08007bec   0x08007bec   0x0000002e   Code   RO         6268    i._printf_pre_padding  mc_w.l(printfa.o)
    0x08007c1a   0x08007c1a   0x00000002   PAD
    0x08007c1c   0x08007c1c   0x00000014   Code   RO         5900    i._relu             scale_model_fp32.o
    0x08007c30   0x08007c30   0x0000001c   Code   RO           23    i.fputc             main.o
    0x08007c4c   0x08007c4c   0x00000438   Code   RO           24    i.main              main.o
    0x08008084   0x08008084   0x00000078   Code   RO         5901    i.scale_stream_init  scale_model_fp32.o
    0x080080fc   0x080080fc   0x00000254   Code   RO         5902    i.scale_stream_step  scale_model_fp32.o
    0x08008350   0x08008350   0x00000008   Data   RO         1971    .constdata          stm32f4xx_hal_dma.o
    0x08008358   0x08008358   0x00000010   Data   RO         4891    .constdata          system_stm32f4xx.o
    0x08008368   0x08008368   0x00000008   Data   RO         4892    .constdata          system_stm32f4xx.o
    0x08008370   0x08008370   0x000c4998   Data   RO         5904    .constdata          scale_model_fp32.o
    0x080ccd08   0x080ccd08   0x00000030   Data   RO         6335    .constdata          m_wm.l(expf.o)
    0x080ccd38   0x080ccd38   0x00000020   Data   RO         6426    Region$$Table       anon$$obj.o


    Execution Region RW_IRAM1 (Exec base: 0x20000000, Load base: 0x080ccd58, Size: 0x00006048, Max: 0x0001c000, ABSOLUTE, COMPRESSED[0x000000fc])

    Exec Addr    Load Addr    Size         Type   Attr      Idx    E Section Name        Object

    0x20000000   COMPRESSED   0x00000028   Data   RW           32    .data               main.o
    0x20000028   COMPRESSED   0x00000004   Data   RW          297    .data               stm32f4xx_it.o
    0x2000002c   COMPRESSED   0x0000001c   Data   RW          552    .data               usbd_desc.o
    0x20000048   COMPRESSED   0x00000032   Data   RW          553    .data               usbd_desc.o
    0x2000007a   COMPRESSED   0x00000008   Data   RW          639    .data               usbd_cdc_if.o
    0x20000082   COMPRESSED   0x00000002   PAD
    0x20000084   COMPRESSED   0x00000014   Data   RW          640    .data               usbd_cdc_if.o
    0x20000098   COMPRESSED   0x0000000c   Data   RW         2398    .data               stm32f4xx_hal.o
    0x200000a4   COMPRESSED   0x00000004   Data   RW         4893    .data               system_stm32f4xx.o
    0x200000a8   COMPRESSED   0x00000001   Data   RW         5095    .data               usbd_ctlreq.o
    0x200000a9   COMPRESSED   0x00000003   PAD
    0x200000ac   COMPRESSED   0x00000053   Data   RW         5234    .data               usbd_cdc.o
    0x200000ff   COMPRESSED   0x00000001   PAD
    0x20000100   COMPRESSED   0x00000038   Data   RW         5235    .data               usbd_cdc.o
    0x20000138   COMPRESSED   0x00000002   Data   RW         5332    .data               config.o
    0x2000013a   COMPRESSED   0x00000006   PAD
    0x20000140   COMPRESSED   0x00000008   Data   RW         5333    .data               config.o
    0x20000148   COMPRESSED   0x00000027   Data   RW         5364    .data               processdata.o
    0x2000016f   COMPRESSED   0x00000001   PAD
    0x20000170   COMPRESSED   0x00000004   Data   RW         5365    .data               processdata.o
    0x20000174   COMPRESSED   0x0000000c   Data   RW         5556    .data               sdmanager.o
    0x20000180   COMPRESSED   0x00000090   Data   RW         5692    .data               computer.o
    0x20000210   COMPRESSED   0x00000008   Data   RW         5833    .data               send.o
    0x20000218   COMPRESSED   0x00000010   Data   RW         5867    .data               scalemodelrunner.o
    0x20000228   COMPRESSED   0x00000004   Data   RW         6395    .data               mc_w.l(stdout.o)
    0x2000022c   COMPRESSED   0x00000004   Data   RW         6407    .data               mc_w.l(errno.o)
    0x20000230        -       0x000009b8   Zero   RW           25    .bss                main.o
    0x20000be8        -       0x00000060   Zero   RW           26    .bss                main.o
    0x20000c48        -       0x00000060   Zero   RW           27    .bss                main.o
    0x20000ca8        -       0x00000060   Zero   RW           28    .bss                main.o
    0x20000d08        -       0x00000060   Zero   RW           29    .bss                main.o
    0x20000d68        -       0x00000060   Zero   RW           30    .bss                main.o
    0x20000dc8        -       0x000002dc   Zero   RW          496    .bss                usb_device.o
    0x200010a4        -       0x00000200   Zero   RW          551    .bss                usbd_desc.o
    0x200012a4        -       0x00001c40   Zero   RW          638    .bss                usbd_cdc_if.o
    0x20002ee4        -       0x0000072c   Zero   RW          736    .bss                usbd_conf.o
    0x20003610        -       0x00000648   Zero   RW         5324    .bss                config.o
    0x20003c58        -       0x00000648   Zero   RW         5325    .bss                config.o
    0x200042a0        -       0x00000088   Zero   RW         5362    .bss                processdata.o
    0x20004328        -       0x00000190   Zero   RW         5691    .bss                computer.o
    0x200044b8        -       0x00000050   Zero   RW         5788    .bss                myrtc.o
    0x20004508        -       0x000012f0   Zero   RW         5866    .bss                scalemodelrunner.o
    0x200057f8        -       0x00000450   Zero   RW         5903    .bss                scale_model_fp32.o
    0x20005c48        -       0x00000400   Zero   RW            1    STACK               startup_stm32f407xx.o


    Execution Region RW_IRAM2 (Exec base: 0x2001c000, Load base: 0x080cce54, Size: 0x00000000, Max: 0x00004000, ABSOLUTE)

    **** No section assigned to this execution region ****


==============================================================================

Image component sizes


      Code (inc. data)   RO Data    RW Data    ZI Data      Debug   Object Name

       616        164          0        144        400       7587   computer.o
         0          0          0         10       3216       3151   config.o
      2032        454          0         40       2968     751707   main.o
        84         10          0          0         80       5647   myrtc.o
      1434        232          0         43        136      20552   processdata.o
        16          0          0          0          0       3092   public.o
      1324        112     805272          0       1104       9276   scale_model_fp32.o
       316         16          0         16       4848       6181   scalemodelrunner.o
         0          0          0         12          0       1286   sdmanager.o
        16          6          0          8          0        990   send.o
        36          8        392          0       1024        844   startup_stm32f407xx.o
       180         28          0         12          0       9485   stm32f4xx_hal.o
       198         14          0          0          0      34035   stm32f4xx_hal_cortex.o
      1084         16          8          0          0       7438   stm32f4xx_hal_dma.o
       516         46          0          0          0       2895   stm32f4xx_hal_gpio.o
       960        100          0          0          0       4436   stm32f4xx_hal_msp.o
      2638         12          0          0          0      13848   stm32f4xx_hal_pcd.o
        78          0          0          0          0       2441   stm32f4xx_hal_pcd_ex.o
      1356         78          0          0          0       5792   stm32f4xx_hal_rcc.o
       316         20          0          0          0       1408   stm32f4xx_hal_rcc_ex.o
       676         16          0          0          0       6167   stm32f4xx_hal_rtc.o
      1712         28          0          0          0      11052   stm32f4xx_hal_sd.o
      1112         72          0          0          0      10881   stm32f4xx_hal_tim.o
       148         28          0          0          0       2497   stm32f4xx_hal_tim_ex.o
      1910         30          0          0          0      15452   stm32f4xx_hal_uart.o
       196         70          0          4          0       9954   stm32f4xx_it.o
      1334         48          0          0          0      18654   stm32f4xx_ll_sdmmc.o
      2888        134          0          0          0      24299   stm32f4xx_ll_usb.o
        16          4         24          4          0       1159   system_stm32f4xx.o
        84         18          0          0        732       2647   usb_device.o
      1278         36          0        139          0      14577   usbd_cdc.o
       332         66          0         28       7232       5835   usbd_cdc_if.o
       644         24          0          0       1836      17088   usbd_conf.o
       916          0          0          0          0      15671   usbd_core.o
      1328         28          0          1          0      15004   usbd_ctlreq.o
       288        104          0         78        512       6281   usbd_desc.o
       132          0          0          0          0       4596   usbd_ioreq.o

    ----------------------------------------------------------------------
     28248       2022     805728        552      24088    1073905   Object Totals
         0          0         32          0          0          0   (incl. Generated)
        54          0          0         13          0          0   (incl. Padding)

    ----------------------------------------------------------------------

      Code (inc. data)   RO Data    RW Data    ZI Data      Debug   Library Member Name

       488         62         48          0          0        236   expf.o
        20          0          0          0          0        124   fabs.o
        38          0          0          0          0        116   fpclassifyf.o
        38         12          0          0          0        348   funder.o
        58          0          0          0          0        136   sqrtf.o
       228         20          0          0          0        152   tanhf.o
        86          0          0          0          0          0   __dczerorl2.o
         0          0          0          0          0          0   entry.o
         0          0          0          0          0          0   entry10a.o
         0          0          0          0          0          0   entry11a.o
         4          0          0          0          0          0   entry12b.o
         8          4          0          0          0          0   entry2.o
         4          0          0          0          0          0   entry5.o
         0          0          0          0          0          0   entry7b.o
         0          0          0          0          0          0   entry8b.o
         8          4          0          0          0          0   entry9a.o
        12          6          0          4          0         68   errno.o
        30          0          0          0          0          0   handlers.o
        36          8          0          0          0         68   init.o
         0          0          0          0          0          0   iusefp.o
        30          0          0          0          0         68   llshl.o
        36          0          0          0          0         68   llsshr.o
        32          0          0          0          0         68   llushr.o
        36          0          0          0          0         68   memcpya.o
        36          0          0          0          0        108   memseta.o
      2218         90          0          0          0        464   printfa.o
         0          0          0          4          0          0   stdout.o
        44          0          0          0          0         80   uidiv.o
        98          0          0          0          0         92   uldiv.o
        48          0          0          0          0         68   cdcmple.o
        48          0          0          0          0         68   cdrcmple.o
        56          0          0          0          0         88   d2f.o
       334          0          0          0          0        148   dadd.o
       222          0          0          0          0        100   ddiv.o
       186          0          0          0          0        176   depilogue.o
        48          0          0          0          0         68   dfixul.o
        34          0          0          0          0         76   dflti.o
        26          0          0          0          0         76   dfltui.o
       228          0          0          0          0         96   dmul.o
        38          0          0          0          0         68   f2d.o
       110          0          0          0          0        168   fepilogue.o

    ----------------------------------------------------------------------
      4976        206         48          8          0       3464   Library Totals
        10          0          0          0          0          0   (incl. Padding)

    ----------------------------------------------------------------------

      Code (inc. data)   RO Data    RW Data    ZI Data      Debug   Library Name

       870         94         48          0          0       1112   m_wm.l
      2718        112          0          8          0       1152   mc_w.l
      1378          0          0          0          0       1200   mf_w.l

    ----------------------------------------------------------------------
      4976        206         48          8          0       3464   Library Totals

    ----------------------------------------------------------------------

==============================================================================


      Code (inc. data)   RO Data    RW Data    ZI Data      Debug   

     33224       2228     805776        560      24088    1045057   Grand Totals
     33224       2228     805776        252      24088    1045057   ELF Image Totals (compressed)
     33224       2228     805776        252          0          0   ROM Totals

==============================================================================

    Total RO  Size (Code + RO Data)               839000 ( 819.34kB)
    Total RW  Size (RW Data + ZI Data)             24648 (  24.07kB)
    Total ROM Size (Code + RO Data + RW Data)     839252 ( 819.58kB)

==============================================================================

